Archive member included because of file (symbol)

/var/folders/qg/hpnbdp2j6nvf3tgc7d8dbzyw0000gn/T/build4971052180027206230.tmp/core.a(HardwareSerial.cpp.o)
                              /var/folders/qg/hpnbdp2j6nvf3tgc7d8dbzyw0000gn/T/build4971052180027206230.tmp/CheckTemp.cpp.o (Serial)
/var/folders/qg/hpnbdp2j6nvf3tgc7d8dbzyw0000gn/T/build4971052180027206230.tmp/core.a(main.cpp.o)
                              /usr/local/avr/lib/gcc/avr/4.7.2/../../../../avr/lib/avr51/crtm128rfa1.o (main)
/var/folders/qg/hpnbdp2j6nvf3tgc7d8dbzyw0000gn/T/build4971052180027206230.tmp/core.a(new.cpp.o)
                              /var/folders/qg/hpnbdp2j6nvf3tgc7d8dbzyw0000gn/T/build4971052180027206230.tmp/core.a(HardwareSerial.cpp.o) (__cxa_pure_virtual)
/var/folders/qg/hpnbdp2j6nvf3tgc7d8dbzyw0000gn/T/build4971052180027206230.tmp/core.a(Print.cpp.o)
                              /var/folders/qg/hpnbdp2j6nvf3tgc7d8dbzyw0000gn/T/build4971052180027206230.tmp/core.a(HardwareSerial.cpp.o) (_ZN5Print5writeEPKhj)
/var/folders/qg/hpnbdp2j6nvf3tgc7d8dbzyw0000gn/T/build4971052180027206230.tmp/core.a(WString.cpp.o)
                              /var/folders/qg/hpnbdp2j6nvf3tgc7d8dbzyw0000gn/T/build4971052180027206230.tmp/core.a(Print.cpp.o) (_ZNK6StringixEj)
/var/folders/qg/hpnbdp2j6nvf3tgc7d8dbzyw0000gn/T/build4971052180027206230.tmp/core.a(wiring.c.o)
                              /var/folders/qg/hpnbdp2j6nvf3tgc7d8dbzyw0000gn/T/build4971052180027206230.tmp/core.a(main.cpp.o) (init)
/usr/local/avr/lib/gcc/avr/4.7.2/avr51/libgcc.a(_umulhisi3.o)
                              /var/folders/qg/hpnbdp2j6nvf3tgc7d8dbzyw0000gn/T/build4971052180027206230.tmp/Pinoccio/utility/sysTimer.c.o (__umulhisi3)
/usr/local/avr/lib/gcc/avr/4.7.2/avr51/libgcc.a(_divmodhi4.o)
                              /var/folders/qg/hpnbdp2j6nvf3tgc7d8dbzyw0000gn/T/build4971052180027206230.tmp/core.a(HardwareSerial.cpp.o) (__divmodhi4)
/usr/local/avr/lib/gcc/avr/4.7.2/avr51/libgcc.a(_udivmodsi4.o)
                              /var/folders/qg/hpnbdp2j6nvf3tgc7d8dbzyw0000gn/T/build4971052180027206230.tmp/Pinoccio/utility/halSleep.c.o (__udivmodsi4)
/usr/local/avr/lib/gcc/avr/4.7.2/avr51/libgcc.a(_exit.o)
                              /usr/local/avr/lib/gcc/avr/4.7.2/../../../../avr/lib/avr51/crtm128rfa1.o (exit)
/usr/local/avr/lib/gcc/avr/4.7.2/avr51/libgcc.a(_copy_data.o)
                              /var/folders/qg/hpnbdp2j6nvf3tgc7d8dbzyw0000gn/T/build4971052180027206230.tmp/CheckTemp.cpp.o (__do_copy_data)
/usr/local/avr/lib/gcc/avr/4.7.2/avr51/libgcc.a(_clear_bss.o)
                              /var/folders/qg/hpnbdp2j6nvf3tgc7d8dbzyw0000gn/T/build4971052180027206230.tmp/Pinoccio/Pinoccio.cpp.o (__do_clear_bss)
/usr/local/avr/lib/gcc/avr/4.7.2/avr51/libgcc.a(_ctors.o)
                              /var/folders/qg/hpnbdp2j6nvf3tgc7d8dbzyw0000gn/T/build4971052180027206230.tmp/core.a(HardwareSerial.cpp.o) (__do_global_ctors)
/usr/local/avr/lib/gcc/avr/4.7.2/avr51/libgcc.a(_fixunssfsi.o)
                              /var/folders/qg/hpnbdp2j6nvf3tgc7d8dbzyw0000gn/T/build4971052180027206230.tmp/core.a(Print.cpp.o) (__fixunssfsi)
/usr/local/avr/lib/gcc/avr/4.7.2/avr51/libgcc.a(_addsub_sf.o)
                              /var/folders/qg/hpnbdp2j6nvf3tgc7d8dbzyw0000gn/T/build4971052180027206230.tmp/core.a(Print.cpp.o) (__addsf3)
/usr/local/avr/lib/gcc/avr/4.7.2/avr51/libgcc.a(_mul_sf.o)
                              /var/folders/qg/hpnbdp2j6nvf3tgc7d8dbzyw0000gn/T/build4971052180027206230.tmp/Pinoccio/utility/halTemperature.c.o (__mulsf3)
/usr/local/avr/lib/gcc/avr/4.7.2/avr51/libgcc.a(_div_sf.o)
                              /var/folders/qg/hpnbdp2j6nvf3tgc7d8dbzyw0000gn/T/build4971052180027206230.tmp/Pinoccio/utility/halTemperature.c.o (__divsf3)
/usr/local/avr/lib/gcc/avr/4.7.2/avr51/libgcc.a(_ge_sf.o)
                              /usr/local/avr/lib/gcc/avr/4.7.2/avr51/libgcc.a(_fixunssfsi.o) (__gesf2)
/usr/local/avr/lib/gcc/avr/4.7.2/avr51/libgcc.a(_lt_sf.o)
                              /var/folders/qg/hpnbdp2j6nvf3tgc7d8dbzyw0000gn/T/build4971052180027206230.tmp/core.a(Print.cpp.o) (__ltsf2)
/usr/local/avr/lib/gcc/avr/4.7.2/avr51/libgcc.a(_si_to_sf.o)
                              /var/folders/qg/hpnbdp2j6nvf3tgc7d8dbzyw0000gn/T/build4971052180027206230.tmp/Pinoccio/utility/halTemperature.c.o (__floatsisf)
/usr/local/avr/lib/gcc/avr/4.7.2/avr51/libgcc.a(_sf_to_si.o)
                              /var/folders/qg/hpnbdp2j6nvf3tgc7d8dbzyw0000gn/T/build4971052180027206230.tmp/core.a(Print.cpp.o) (__fixsfsi)
/usr/local/avr/lib/gcc/avr/4.7.2/avr51/libgcc.a(_thenan_sf.o)
                              /usr/local/avr/lib/gcc/avr/4.7.2/avr51/libgcc.a(_addsub_sf.o) (__thenan_sf)
/usr/local/avr/lib/gcc/avr/4.7.2/avr51/libgcc.a(_usi_to_sf.o)
                              /var/folders/qg/hpnbdp2j6nvf3tgc7d8dbzyw0000gn/T/build4971052180027206230.tmp/core.a(Print.cpp.o) (__floatunsisf)
/usr/local/avr/lib/gcc/avr/4.7.2/avr51/libgcc.a(_udivmodhi4.o)
[...]
Memory Configuration

Name             Origin             Length             Attributes
text             0x0000000000000000 0x0000000000020000 xr
data             0x0000000000800100 0x000000000000ff00 rw !x
eeprom           0x0000000000810000 0x0000000000010000 rw !x
fuse             0x0000000000820000 0x0000000000000400 rw !x
lock             0x0000000000830000 0x0000000000000400 rw !x
signature        0x0000000000840000 0x0000000000000400 rw !x
*default*        0x0000000000000000 0xffffffffffffffff

Linker script and memory map

Address of section .data set to 0x800200
LOAD /usr/local/avr/lib/gcc/avr/4.7.2/../../../../avr/lib/avr51/crtm128rfa1.o
LOAD /var/folders/qg/hpnbdp2j6nvf3tgc7d8dbzyw0000gn/T/build4971052180027206230.tmp/CheckTemp.cpp.o
LOAD /var/folders/qg/hpnbdp2j6nvf3tgc7d8dbzyw0000gn/T/build4971052180027206230.tmp/Pinoccio/Pinoccio.cpp.o
LOAD /var/folders/qg/hpnbdp2j6nvf3tgc7d8dbzyw0000gn/T/build4971052180027206230.tmp/Pinoccio/utility/hal.c.o
LOAD /var/folders/qg/hpnbdp2j6nvf3tgc7d8dbzyw0000gn/T/build4971052180027206230.tmp/Pinoccio/utility/halTimer.c.o
LOAD /var/folders/qg/hpnbdp2j6nvf3tgc7d8dbzyw0000gn/T/build4971052180027206230.tmp/Pinoccio/utility/phy.c.o
LOAD /var/folders/qg/hpnbdp2j6nvf3tgc7d8dbzyw0000gn/T/build4971052180027206230.tmp/Pinoccio/utility/halSleep.c.o
LOAD /var/folders/qg/hpnbdp2j6nvf3tgc7d8dbzyw0000gn/T/build4971052180027206230.tmp/Pinoccio/utility/halUart.c.o
LOAD /var/folders/qg/hpnbdp2j6nvf3tgc7d8dbzyw0000gn/T/build4971052180027206230.tmp/Pinoccio/utility/halTemperature.c.o
LOAD /var/folders/qg/hpnbdp2j6nvf3tgc7d8dbzyw0000gn/T/build4971052180027206230.tmp/Pinoccio/utility/nwk.c.o
LOAD /var/folders/qg/hpnbdp2j6nvf3tgc7d8dbzyw0000gn/T/build4971052180027206230.tmp/Pinoccio/utility/nwkDataReq.c.o
LOAD /var/folders/qg/hpnbdp2j6nvf3tgc7d8dbzyw0000gn/T/build4971052180027206230.tmp/Pinoccio/utility/nwkSecurity.c.o
LOAD /var/folders/qg/hpnbdp2j6nvf3tgc7d8dbzyw0000gn/T/build4971052180027206230.tmp/Pinoccio/utility/nwkFrame.c.o
LOAD /var/folders/qg/hpnbdp2j6nvf3tgc7d8dbzyw0000gn/T/build4971052180027206230.tmp/Pinoccio/utility/nwkRoute.c.o
LOAD /var/folders/qg/hpnbdp2j6nvf3tgc7d8dbzyw0000gn/T/build4971052180027206230.tmp/Pinoccio/utility/nwkRx.c.o
LOAD /var/folders/qg/hpnbdp2j6nvf3tgc7d8dbzyw0000gn/T/build4971052180027206230.tmp/Pinoccio/utility/nwkTx.c.o
LOAD /var/folders/qg/hpnbdp2j6nvf3tgc7d8dbzyw0000gn/T/build4971052180027206230.tmp/Pinoccio/utility/sys.c.o
LOAD /var/folders/qg/hpnbdp2j6nvf3tgc7d8dbzyw0000gn/T/build4971052180027206230.tmp/Pinoccio/utility/sysTimer.c.o
LOAD /var/folders/qg/hpnbdp2j6nvf3tgc7d8dbzyw0000gn/T/build4971052180027206230.tmp/Pinoccio/utility/sysEncrypt.c.o
LOAD /var/folders/qg/hpnbdp2j6nvf3tgc7d8dbzyw0000gn/T/build4971052180027206230.tmp/core.a
LOAD /usr/local/avr/lib/gcc/avr/4.7.2/avr51/libgcc.a
LOAD /usr/local/avr/lib/gcc/avr/4.7.2/../../../../avr/lib/avr51/libm.a
LOAD /usr/local/avr/lib/gcc/avr/4.7.2/avr51/libgcc.a
LOAD /usr/local/avr/lib/gcc/avr/4.7.2/../../../../avr/lib/avr51/libc.a
LOAD /usr/local/avr/lib/gcc/avr/4.7.2/avr51/libgcc.a

.hash
 *(.hash)

.dynsym
 *(.dynsym)

.dynstr
 *(.dynstr)

.gnu.version
 *(.gnu.version)

.gnu.version_d
 *(.gnu.version_d)

.gnu.version_r
 *(.gnu.version_r)

.rel.init
 *(.rel.init)

.rela.init
 *(.rela.init)

.rel.text
 *(.rel.text)
 *(.rel.text.*)
 *(.rel.gnu.linkonce.t*)

.rela.text
 *(.rela.text)
 *(.rela.text.*)
 *(.rela.gnu.linkonce.t*)

.rel.fini
 *(.rel.fini)

.rela.fini
 *(.rela.fini)

.rel.rodata
 *(.rel.rodata)
 *(.rel.rodata.*)
 *(.rel.gnu.linkonce.r*)

.rela.rodata
 *(.rela.rodata)
 *(.rela.rodata.*)
 *(.rela.gnu.linkonce.r*)

.rel.data
 *(.rel.data)
 *(.rel.data.*)
 *(.rel.gnu.linkonce.d*)

.rela.data
 *(.rela.data)
 *(.rela.data.*)
 *(.rela.gnu.linkonce.d*)

.rel.ctors
 *(.rel.ctors)

.rela.ctors
 *(.rela.ctors)

.rel.dtors
 *(.rel.dtors)

.rela.dtors
 *(.rela.dtors)

.rel.got
 *(.rel.got)

.rela.got
 *(.rela.got)

.rel.bss
 *(.rel.bss)

.rela.bss
 *(.rela.bss)

.rel.plt
 *(.rel.plt)

.rela.plt
 *(.rela.plt)

.text           0x0000000000000000      0xa36
 *(.vectors)
 .vectors       0x0000000000000000      0x120 /usr/local/avr/lib/gcc/avr/4.7.2/../../../../avr/lib/avr51/crtm128rfa1.o
                0x0000000000000000                __vectors
                0x0000000000000000                __vector_default
 *(.vectors)
 *(.progmem.gcc*)
 *(.progmem*)
                0x0000000000000120                . = ALIGN (0x2)
                0x0000000000000120                __trampolines_start = .
 *(.trampolines)
 .trampolines   0x0000000000000120        0x0 linker stubs
 *(.trampolines*)
                0x0000000000000120                __trampolines_end = .
 *(.jumptables)
 *(.jumptables*)
 *(.lowtext)
 *(.lowtext*)
                0x0000000000000120                __ctors_start = .
 *(.ctors)
 .ctors         0x0000000000000120        0x2 /var/folders/qg/hpnbdp2j6nvf3tgc7d8dbzyw0000gn/T/build4971052180027206230.tmp/core.a(HardwareSerial.cpp.o)
                0x0000000000000122                __ctors_end = .
                0x0000000000000122                __dtors_start = .
 *(.dtors)
                0x0000000000000122                __dtors_end = .
 SORT(*)(.ctors)
 SORT(*)(.dtors)
 *(.init0)
 .init0         0x0000000000000122        0x0 /usr/local/avr/lib/gcc/avr/4.7.2/../../../../avr/lib/avr51/crtm128rfa1.o
                0x0000000000000122                __init
 *(.init0)
 *(.init1)
 *(.init1)
 *(.init2)
 .init2         0x0000000000000122        0xc /usr/local/avr/lib/gcc/avr/4.7.2/../../../../avr/lib/avr51/crtm128rfa1.o
 *(.init2)
 *(.init3)
 *(.init3)
 *(.init4)
 .init4         0x000000000000012e       0x1a /usr/local/avr/lib/gcc/avr/4.7.2/avr51/libgcc.a(_copy_data.o)
                0x000000000000012e                __do_copy_data
 .init4         0x0000000000000148       0x10 /usr/local/avr/lib/gcc/avr/4.7.2/avr51/libgcc.a(_clear_bss.o)
                0x0000000000000148                __do_clear_bss
 *(.init4)
 *(.init5)
 *(.init5)
 *(.init6)
 .init6         0x0000000000000158       0x20 /usr/local/avr/lib/gcc/avr/4.7.2/avr51/libgcc.a(_ctors.o)
                0x0000000000000158                __do_global_ctors
 *(.init6)
 *(.init7)
 *(.init7)
 *(.init8)
 *(.init8)
 *(.init9)
 .init9         0x0000000000000178        0x8 /usr/local/avr/lib/gcc/avr/4.7.2/../../../../avr/lib/avr51/crtm128rfa1.o
 *(.init9)
 *(.text)
 .text          0x0000000000000180        0x4 /usr/local/avr/lib/gcc/avr/4.7.2/../../../../avr/lib/avr51/crtm128rfa1.o
                0x0000000000000180                __vector_65
                0x0000000000000180                __vector_22
                0x0000000000000180                __vector_63
                0x0000000000000180                __vector_28
                0x0000000000000180                __vector_67
                0x0000000000000180                __vector_1
                0x0000000000000180                __vector_32
                0x0000000000000180                __vector_71
                0x0000000000000180                __vector_34
                0x0000000000000180                __vector_62
                0x0000000000000180                __vector_24
                0x0000000000000180                __vector_12
                0x0000000000000180                __vector_55
                0x0000000000000180                __vector_69
                0x0000000000000180                __vector_46
                0x0000000000000180                __bad_interrupt
                0x0000000000000180                __vector_6
                0x0000000000000180                __vector_31
                0x0000000000000180                __vector_35
                0x0000000000000180                __vector_39
                0x0000000000000180                __vector_3
                0x0000000000000180                __vector_68
                0x0000000000000180                __vector_30
                0x0000000000000180                __vector_45
                0x0000000000000180                __vector_61
                0x0000000000000180                __vector_11
                0x0000000000000180                __vector_54
                0x0000000000000180                __vector_17
                0x0000000000000180                __vector_19
                0x0000000000000180                __vector_56
                0x0000000000000180                __vector_7
                0x0000000000000180                __vector_49
                0x0000000000000180                __vector_41
                0x0000000000000180                __vector_64
                0x0000000000000180                __vector_27
                0x0000000000000180                __vector_5
                0x0000000000000180                __vector_33
                0x0000000000000180                __vector_47
                0x0000000000000180                __vector_52
                0x0000000000000180                __vector_4
                0x0000000000000180                __vector_44
                0x0000000000000180                __vector_51
                0x0000000000000180                __vector_9
                0x0000000000000180                __vector_2
                0x0000000000000180                __vector_21
                0x0000000000000180                __vector_15
                0x0000000000000180                __vector_66
                0x0000000000000180                __vector_36
                0x0000000000000180                __vector_58
                0x0000000000000180                __vector_70
                0x0000000000000180                __vector_60
                0x0000000000000180                __vector_40
                0x0000000000000180                __vector_8
                0x0000000000000180                __vector_48
                0x0000000000000180                __vector_14
                0x0000000000000180                __vector_57
                0x0000000000000180                __vector_53
                0x0000000000000180                __vector_10
                0x0000000000000180                __vector_50
                0x0000000000000180                __vector_16
                0x0000000000000180                __vector_59
                0x0000000000000180                __vector_18
                0x0000000000000180                __vector_20
                0x0000000000000180                __vector_38
                0x0000000000000184                . = ALIGN (0x2)
 *(.text.*)
 .text.setup    0x0000000000000184       0x10 /var/folders/qg/hpnbdp2j6nvf3tgc7d8dbzyw0000gn/T/build4971052180027206230.tmp/CheckTemp.cpp.o
                0x0000000000000184                setup
 .text.loop     0x0000000000000194       0x1c /var/folders/qg/hpnbdp2j6nvf3tgc7d8dbzyw0000gn/T/build4971052180027206230.tmp/CheckTemp.cpp.o
                0x0000000000000194                loop
 .text._ZN13PinoccioClass5aliveEv
                0x00000000000001b0        0xc /var/folders/qg/hpnbdp2j6nvf3tgc7d8dbzyw0000gn/T/build4971052180027206230.tmp/Pinoccio/Pinoccio.cpp.o
                0x00000000000001b0                _ZN13PinoccioClass5aliveEv
 .text._ZN13PinoccioClass11taskHandlerEv
                0x00000000000001bc        0x4 /var/folders/qg/hpnbdp2j6nvf3tgc7d8dbzyw0000gn/T/build4971052180027206230.tmp/Pinoccio/Pinoccio.cpp.o
                0x00000000000001bc                _ZN13PinoccioClass11taskHandlerEv
 .text.__vector_42
                0x00000000000001c0       0x22 /var/folders/qg/hpnbdp2j6nvf3tgc7d8dbzyw0000gn/T/build4971052180027206230.tmp/Pinoccio/utility/halTimer.c.o
                0x00000000000001c0                __vector_42
 .text.__vector_43
                0x00000000000001e2       0x1e /var/folders/qg/hpnbdp2j6nvf3tgc7d8dbzyw0000gn/T/build4971052180027206230.tmp/Pinoccio/utility/halTimer.c.o
                0x00000000000001e2                __vector_43
 .text.__vector_13
                0x0000000000000200       0x1e /var/folders/qg/hpnbdp2j6nvf3tgc7d8dbzyw0000gn/T/build4971052180027206230.tmp/Pinoccio/utility/halSleep.c.o
                0x0000000000000200                __vector_13
 .text.__vector_29
                0x000000000000021e       0x1e /var/folders/qg/hpnbdp2j6nvf3tgc7d8dbzyw0000gn/T/build4971052180027206230.tmp/Pinoccio/utility/halTemperature.c.o
                0x000000000000021e                __vector_29
 .text._ZN14HardwareSerial9availableEv
                0x000000000000023c       0x26 /var/folders/qg/hpnbdp2j6nvf3tgc7d8dbzyw0000gn/T/build4971052180027206230.tmp/core.a(HardwareSerial.cpp.o)
                0x000000000000023c                _ZN14HardwareSerial9availableEv
 .text._ZN14HardwareSerial4peekEv
                0x0000000000000262       0x38 /var/folders/qg/hpnbdp2j6nvf3tgc7d8dbzyw0000gn/T/build4971052180027206230.tmp/core.a(HardwareSerial.cpp.o)
                0x0000000000000262                _ZN14HardwareSerial4peekEv
 .text._ZN14HardwareSerial4readEv
                0x000000000000029a       0x48 /var/folders/qg/hpnbdp2j6nvf3tgc7d8dbzyw0000gn/T/build4971052180027206230.tmp/core.a(HardwareSerial.cpp.o)
                0x000000000000029a                _ZN14HardwareSerial4readEv
 .text._ZN14HardwareSerial5flushEv
                0x00000000000002e2       0x24 /var/folders/qg/hpnbdp2j6nvf3tgc7d8dbzyw0000gn/T/build4971052180027206230.tmp/core.a(HardwareSerial.cpp.o)
                0x00000000000002e2                _ZN14HardwareSerial5flushEv
 .text._ZN14HardwareSerial5writeEh
                0x0000000000000306       0x72 /var/folders/qg/hpnbdp2j6nvf3tgc7d8dbzyw0000gn/T/build4971052180027206230.tmp/core.a(HardwareSerial.cpp.o)
                0x0000000000000306                _ZN14HardwareSerial5writeEh
 .text._Z11serialEventv
                0x0000000000000378        0x2 /var/folders/qg/hpnbdp2j6nvf3tgc7d8dbzyw0000gn/T/build4971052180027206230.tmp/core.a(HardwareSerial.cpp.o)
                0x0000000000000378                _Z11serialEventv
 .text.__vector_25
                0x000000000000037a       0x6e /var/folders/qg/hpnbdp2j6nvf3tgc7d8dbzyw0000gn/T/build4971052180027206230.tmp/core.a(HardwareSerial.cpp.o)
                0x000000000000037a                __vector_25
 .text._Z14serialEventRunv
                0x00000000000003e8       0x12 /var/folders/qg/hpnbdp2j6nvf3tgc7d8dbzyw0000gn/T/build4971052180027206230.tmp/core.a(HardwareSerial.cpp.o)
                0x00000000000003e8                _Z14serialEventRunv
 .text.__vector_26
                0x00000000000003fa       0x96 /var/folders/qg/hpnbdp2j6nvf3tgc7d8dbzyw0000gn/T/build4971052180027206230.tmp/core.a(HardwareSerial.cpp.o)
                0x00000000000003fa                __vector_26
 .text.__vector_37
                0x0000000000000490       0x96 /var/folders/qg/hpnbdp2j6nvf3tgc7d8dbzyw0000gn/T/build4971052180027206230.tmp/core.a(HardwareSerial.cpp.o)
                0x0000000000000490                __vector_37
 .text._ZN14HardwareSerial5beginEm
                0x0000000000000526      0x100 /var/folders/qg/hpnbdp2j6nvf3tgc7d8dbzyw0000gn/T/build4971052180027206230.tmp/core.a(HardwareSerial.cpp.o)
                0x0000000000000526                _ZN14HardwareSerial5beginEm
 .text.startup._GLOBAL__sub_I_rx_buffer
                0x0000000000000626      0x128 /var/folders/qg/hpnbdp2j6nvf3tgc7d8dbzyw0000gn/T/build4971052180027206230.tmp/core.a(HardwareSerial.cpp.o)
 .text.startup.main
                0x000000000000074e       0x1a /var/folders/qg/hpnbdp2j6nvf3tgc7d8dbzyw0000gn/T/build4971052180027206230.tmp/core.a(main.cpp.o)
                0x000000000000074e                main
 .text._ZN5Print5writeEPKhj
                0x0000000000000768       0x50 /var/folders/qg/hpnbdp2j6nvf3tgc7d8dbzyw0000gn/T/build4971052180027206230.tmp/core.a(Print.cpp.o)
                0x0000000000000768                _ZN5Print5writeEPKhj
 .text._ZN5Print5writeEPKc
                0x00000000000007b8       0x20 /var/folders/qg/hpnbdp2j6nvf3tgc7d8dbzyw0000gn/T/build4971052180027206230.tmp/core.a(Print.cpp.o)
                0x00000000000007b8                _ZN5Print5writeEPKc
 .text._ZN5Print5printEPKc
                0x00000000000007d8        0x4 /var/folders/qg/hpnbdp2j6nvf3tgc7d8dbzyw0000gn/T/build4971052180027206230.tmp/core.a(Print.cpp.o)
                0x00000000000007d8                _ZN5Print5printEPKc
 .text._ZN5Print5printEc
                0x00000000000007dc        0xe /var/folders/qg/hpnbdp2j6nvf3tgc7d8dbzyw0000gn/T/build4971052180027206230.tmp/core.a(Print.cpp.o)
                0x00000000000007dc                _ZN5Print5printEc
 .text._ZN5Print7printlnEv
                0x00000000000007ea       0x2c /var/folders/qg/hpnbdp2j6nvf3tgc7d8dbzyw0000gn/T/build4971052180027206230.tmp/core.a(Print.cpp.o)
                0x00000000000007ea                _ZN5Print7printlnEv
 .text._ZN5Print7printlnEPKc
                0x0000000000000816       0x28 /var/folders/qg/hpnbdp2j6nvf3tgc7d8dbzyw0000gn/T/build4971052180027206230.tmp/core.a(Print.cpp.o)
                0x0000000000000816                _ZN5Print7printlnEPKc
 .text.__vector_23
                0x000000000000083e       0x94 /var/folders/qg/hpnbdp2j6nvf3tgc7d8dbzyw0000gn/T/build4971052180027206230.tmp/core.a(wiring.c.o)
                0x000000000000083e                __vector_23
 .text.init     0x00000000000008d2       0xc4 /var/folders/qg/hpnbdp2j6nvf3tgc7d8dbzyw0000gn/T/build4971052180027206230.tmp/core.a(wiring.c.o)
                0x00000000000008d2                init
 .text.libgcc.div
                0x0000000000000996       0x28 /usr/local/avr/lib/gcc/avr/4.7.2/avr51/libgcc.a(_divmodhi4.o)
                0x0000000000000996                __divmodhi4
                0x0000000000000996                _div
 .text.libgcc.div
                0x00000000000009be       0x44 /usr/local/avr/lib/gcc/avr/4.7.2/avr51/libgcc.a(_udivmodsi4.o)
                0x00000000000009be                __udivmodsi4
 .text.libgcc.div
                0x0000000000000a02       0x28 /usr/local/avr/lib/gcc/avr/4.7.2/avr51/libgcc.a(_udivmodhi4.o)
                0x0000000000000a02                __udivmodhi4
 .text.libgcc   0x0000000000000a2a        0x8 /usr/local/avr/lib/gcc/avr/4.7.2/avr51/libgcc.a(_tablejump_elpm.o)
                0x0000000000000a2a                __tablejump_elpm__
                0x0000000000000a32                . = ALIGN (0x2)
 *(.fini9)
 .fini9         0x0000000000000a32        0x0 /usr/local/avr/lib/gcc/avr/4.7.2/avr51/libgcc.a(_exit.o)
                0x0000000000000a32                exit
                0x0000000000000a32                _exit
 *(.fini9)
 *(.fini8)
 *(.fini8)
 *(.fini7)
 *(.fini7)
 *(.fini6)
 *(.fini6)
 *(.fini5)
 *(.fini5)
 *(.fini4)
 *(.fini4)
 *(.fini3)
 *(.fini3)
 *(.fini2)
 *(.fini2)
 *(.fini1)
 *(.fini1)
 *(.fini0)
 .fini0         0x0000000000000a32        0x4 /usr/local/avr/lib/gcc/avr/4.7.2/avr51/libgcc.a(_exit.o)
 *(.fini0)
                0x0000000000000a36                _etext = .

.data           0x0000000000800200       0x2e load address 0x0000000000000a36
                0x0000000000800200                PROVIDE (__data_start, .)
 *(.data)
 .data          0x0000000000800200        0x0 /usr/local/avr/lib/gcc/avr/4.7.2/../../../../avr/lib/avr51/crtm128rfa1.o
 .data          0x0000000000800200        0x0 /var/folders/qg/hpnbdp2j6nvf3tgc7d8dbzyw0000gn/T/build4971052180027206230.tmp/CheckTemp.cpp.o
 .data          0x0000000000800200        0x0 /var/folders/qg/hpnbdp2j6nvf3tgc7d8dbzyw0000gn/T/build4971052180027206230.tmp/Pinoccio/Pinoccio.cpp.o
 .data          0x0000000000800200        0x0 /var/folders/qg/hpnbdp2j6nvf3tgc7d8dbzyw0000gn/T/build4971052180027206230.tmp/Pinoccio/utility/hal.c.o
 .data          0x0000000000800200        0x0 /var/folders/qg/hpnbdp2j6nvf3tgc7d8dbzyw0000gn/T/build4971052180027206230.tmp/Pinoccio/utility/halTimer.c.o
 .data          0x0000000000800200        0x0 /var/folders/qg/hpnbdp2j6nvf3tgc7d8dbzyw0000gn/T/build4971052180027206230.tmp/Pinoccio/utility/phy.c.o
 .data          0x0000000000800200        0x0 /var/folders/qg/hpnbdp2j6nvf3tgc7d8dbzyw0000gn/T/build4971052180027206230.tmp/Pinoccio/utility/halSleep.c.o
 .data          0x0000000000800200        0x0 /var/folders/qg/hpnbdp2j6nvf3tgc7d8dbzyw0000gn/T/build4971052180027206230.tmp/Pinoccio/utility/halUart.c.o
 .data          0x0000000000800200        0x0 /var/folders/qg/hpnbdp2j6nvf3tgc7d8dbzyw0000gn/T/build4971052180027206230.tmp/Pinoccio/utility/halTemperature.c.o
 .data          0x0000000000800200        0x0 /var/folders/qg/hpnbdp2j6nvf3tgc7d8dbzyw0000gn/T/build4971052180027206230.tmp/Pinoccio/utility/nwk.c.o
 .data          0x0000000000800200        0x0 /var/folders/qg/hpnbdp2j6nvf3tgc7d8dbzyw0000gn/T/build4971052180027206230.tmp/Pinoccio/utility/nwkDataReq.c.o
 .data          0x0000000000800200        0x0 /var/folders/qg/hpnbdp2j6nvf3tgc7d8dbzyw0000gn/T/build4971052180027206230.tmp/Pinoccio/utility/nwkSecurity.c.o
 .data          0x0000000000800200        0x0 /var/folders/qg/hpnbdp2j6nvf3tgc7d8dbzyw0000gn/T/build4971052180027206230.tmp/Pinoccio/utility/nwkFrame.c.o
 .data          0x0000000000800200        0x0 /var/folders/qg/hpnbdp2j6nvf3tgc7d8dbzyw0000gn/T/build4971052180027206230.tmp/Pinoccio/utility/nwkRoute.c.o
 .data          0x0000000000800200        0x0 /var/folders/qg/hpnbdp2j6nvf3tgc7d8dbzyw0000gn/T/build4971052180027206230.tmp/Pinoccio/utility/nwkRx.c.o
 .data          0x0000000000800200        0x0 /var/folders/qg/hpnbdp2j6nvf3tgc7d8dbzyw0000gn/T/build4971052180027206230.tmp/Pinoccio/utility/nwkTx.c.o
 .data          0x0000000000800200        0x0 /var/folders/qg/hpnbdp2j6nvf3tgc7d8dbzyw0000gn/T/build4971052180027206230.tmp/Pinoccio/utility/sys.c.o
 .data          0x0000000000800200        0x0 /var/folders/qg/hpnbdp2j6nvf3tgc7d8dbzyw0000gn/T/build4971052180027206230.tmp/Pinoccio/utility/sysTimer.c.o
 .data          0x0000000000800200        0x0 /var/folders/qg/hpnbdp2j6nvf3tgc7d8dbzyw0000gn/T/build4971052180027206230.tmp/Pinoccio/utility/sysEncrypt.c.o
 .data          0x0000000000800200        0x0 /var/folders/qg/hpnbdp2j6nvf3tgc7d8dbzyw0000gn/T/build4971052180027206230.tmp/core.a(HardwareSerial.cpp.o)
 .data          0x0000000000800200        0x0 /var/folders/qg/hpnbdp2j6nvf3tgc7d8dbzyw0000gn/T/build4971052180027206230.tmp/core.a(main.cpp.o)
 .data          0x0000000000800200        0x0 /var/folders/qg/hpnbdp2j6nvf3tgc7d8dbzyw0000gn/T/build4971052180027206230.tmp/core.a(new.cpp.o)
 .data          0x0000000000800200        0x0 /var/folders/qg/hpnbdp2j6nvf3tgc7d8dbzyw0000gn/T/build4971052180027206230.tmp/core.a(Print.cpp.o)
 .data          0x0000000000800200        0x0 /var/folders/qg/hpnbdp2j6nvf3tgc7d8dbzyw0000gn/T/build4971052180027206230.tmp/core.a(WString.cpp.o)
 .data          0x0000000000800200        0x0 /var/folders/qg/hpnbdp2j6nvf3tgc7d8dbzyw0000gn/T/build4971052180027206230.tmp/core.a(wiring.c.o)
 .data          0x0000000000800200        0x0 /usr/local/avr/lib/gcc/avr/4.7.2/avr51/libgcc.a(_umulhisi3.o)
 .data          0x0000000000800200        0x0 /usr/local/avr/lib/gcc/avr/4.7.2/avr51/libgcc.a(_divmodhi4.o)
 .data          0x0000000000800200        0x0 /usr/local/avr/lib/gcc/avr/4.7.2/avr51/libgcc.a(_udivmodsi4.o)
 .data          0x0000000000800200        0x0 /usr/local/avr/lib/gcc/avr/4.7.2/avr51/libgcc.a(_exit.o)
 .data          0x0000000000800200        0x0 /usr/local/avr/lib/gcc/avr/4.7.2/avr51/libgcc.a(_copy_data.o)
 .data          0x0000000000800200        0x0 /usr/local/avr/lib/gcc/avr/4.7.2/avr51/libgcc.a(_clear_bss.o)
 .data          0x0000000000800200        0x0 /usr/local/avr/lib/gcc/avr/4.7.2/avr51/libgcc.a(_ctors.o)
 .data          0x0000000000800200        0x0 /usr/local/avr/lib/gcc/avr/4.7.2/avr51/libgcc.a(_fixunssfsi.o)
 .data          0x0000000000800200        0x0 /usr/local/avr/lib/gcc/avr/4.7.2/avr51/libgcc.a(_addsub_sf.o)
 .data          0x0000000000800200        0x0 /usr/local/avr/lib/gcc/avr/4.7.2/avr51/libgcc.a(_mul_sf.o)
 .data          0x0000000000800200        0x0 /usr/local/avr/lib/gcc/avr/4.7.2/avr51/libgcc.a(_div_sf.o)
 .data          0x0000000000800200        0x0 /usr/local/avr/lib/gcc/avr/4.7.2/avr51/libgcc.a(_ge_sf.o)
 .data          0x0000000000800200        0x0 /usr/local/avr/lib/gcc/avr/4.7.2/avr51/libgcc.a(_lt_sf.o)
 .data          0x0000000000800200        0x0 /usr/local/avr/lib/gcc/avr/4.7.2/avr51/libgcc.a(_si_to_sf.o)
 .data          0x0000000000800200        0x0 /usr/local/avr/lib/gcc/avr/4.7.2/avr51/libgcc.a(_sf_to_si.o)
 .data          0x0000000000800200        0x0 /usr/local/avr/lib/gcc/avr/4.7.2/avr51/libgcc.a(_thenan_sf.o)
 .data          0x0000000000800200        0x0 /usr/local/avr/lib/gcc/avr/4.7.2/avr51/libgcc.a(_usi_to_sf.o)
 .data          0x0000000000800200        0x0 /usr/local/avr/lib/gcc/avr/4.7.2/avr51/libgcc.a(_udivmodhi4.o)
 .data          0x0000000000800200        0x0 /usr/local/avr/lib/gcc/avr/4.7.2/avr51/libgcc.a(_prologue.o)
 .data          0x0000000000800200        0x0 /usr/local/avr/lib/gcc/avr/4.7.2/avr51/libgcc.a(_epilogue.o)
 .data          0x0000000000800200        0x0 /usr/local/avr/lib/gcc/avr/4.7.2/avr51/libgcc.a(_tablejump_elpm.o)
 .data          0x0000000000800200        0x0 /usr/local/avr/lib/gcc/avr/4.7.2/avr51/libgcc.a(_clzsi2.o)
 .data          0x0000000000800200        0x0 /usr/local/avr/lib/gcc/avr/4.7.2/avr51/libgcc.a(_clzhi2.o)
 .data          0x0000000000800200        0x0 /usr/local/avr/lib/gcc/avr/4.7.2/avr51/libgcc.a(_pack_sf.o)
 .data          0x0000000000800200        0x0 /usr/local/avr/lib/gcc/avr/4.7.2/avr51/libgcc.a(_unpack_sf.o)
 .data          0x0000000000800200        0x0 /usr/local/avr/lib/gcc/avr/4.7.2/avr51/libgcc.a(_fpcmp_parts_sf.o)
 .data          0x0000000000800200        0x6 /usr/local/avr/lib/gcc/avr/4.7.2/../../../../avr/lib/avr51/libc.a(malloc.o)
                0x0000000000800200                __malloc_heap_end
                0x0000000000800202                __malloc_heap_start
                0x0000000000800204                __malloc_margin
 .data          0x0000000000800206        0x0 /usr/local/avr/lib/gcc/avr/4.7.2/../../../../avr/lib/avr51/libc.a(realloc.o)
 .data          0x0000000000800206        0x0 /usr/local/avr/lib/gcc/avr/4.7.2/../../../../avr/lib/avr51/libc.a(atol.o)
 .data          0x0000000000800206        0x0 /usr/local/avr/lib/gcc/avr/4.7.2/../../../../avr/lib/avr51/libc.a(isspace.o)
 .data          0x0000000000800206        0x0 /usr/local/avr/lib/gcc/avr/4.7.2/../../../../avr/lib/avr51/libc.a(tolower.o)
 .data          0x0000000000800206        0x0 /usr/local/avr/lib/gcc/avr/4.7.2/../../../../avr/lib/avr51/libc.a(toupper.o)
 .data          0x0000000000800206        0x0 /usr/local/avr/lib/gcc/avr/4.7.2/../../../../avr/lib/avr51/libc.a(memcpy.o)
 .data          0x0000000000800206        0x0 /usr/local/avr/lib/gcc/avr/4.7.2/../../../../avr/lib/avr51/libc.a(memmove.o)
 .data          0x0000000000800206        0x0 /usr/local/avr/lib/gcc/avr/4.7.2/../../../../avr/lib/avr51/libc.a(strchr.o)
 .data          0x0000000000800206        0x0 /usr/local/avr/lib/gcc/avr/4.7.2/../../../../avr/lib/avr51/libc.a(strcmp.o)
 .data          0x0000000000800206        0x0 /usr/local/avr/lib/gcc/avr/4.7.2/../../../../avr/lib/avr51/libc.a(strcpy.o)
 .data          0x0000000000800206        0x0 /usr/local/avr/lib/gcc/avr/4.7.2/../../../../avr/lib/avr51/libc.a(strncmp.o)
 .data          0x0000000000800206        0x0 /usr/local/avr/lib/gcc/avr/4.7.2/../../../../avr/lib/avr51/libc.a(strncpy.o)
 .data          0x0000000000800206        0x0 /usr/local/avr/lib/gcc/avr/4.7.2/../../../../avr/lib/avr51/libc.a(strrchr.o)
 .data          0x0000000000800206        0x0 /usr/local/avr/lib/gcc/avr/4.7.2/../../../../avr/lib/avr51/libc.a(strstr.o)
 .data          0x0000000000800206        0x0 /usr/local/avr/lib/gcc/avr/4.7.2/../../../../avr/lib/avr51/libc.a(itoa.o)
 .data          0x0000000000800206        0x0 /usr/local/avr/lib/gcc/avr/4.7.2/../../../../avr/lib/avr51/libc.a(ltoa.o)
 .data          0x0000000000800206        0x0 /usr/local/avr/lib/gcc/avr/4.7.2/../../../../avr/lib/avr51/libc.a(mulsi10.o)
 .data          0x0000000000800206        0x0 /usr/local/avr/lib/gcc/avr/4.7.2/../../../../avr/lib/avr51/libc.a(ultoa.o)
 .data          0x0000000000800206        0x0 /usr/local/avr/lib/gcc/avr/4.7.2/../../../../avr/lib/avr51/libc.a(utoa.o)
 .data          0x0000000000800206        0x0 /usr/local/avr/lib/gcc/avr/4.7.2/../../../../avr/lib/avr51/libc.a(cty_isfalse.o)
 .data          0x0000000000800206        0x0 /usr/local/avr/lib/gcc/avr/4.7.2/../../../../avr/lib/avr51/libc.a(strrev.o)
 *(.data*)
 *(.rodata)
 *(.rodata*)
 .rodata.str1.1
                0x0000000000800206        0x7 /var/folders/qg/hpnbdp2j6nvf3tgc7d8dbzyw0000gn/T/build4971052180027206230.tmp/CheckTemp.cpp.o
 .rodata.str1.1
                0x000000000080020d       0x11 /var/folders/qg/hpnbdp2j6nvf3tgc7d8dbzyw0000gn/T/build4971052180027206230.tmp/Pinoccio/Pinoccio.cpp.o
 .rodata._ZTV14HardwareSerial
                0x000000000080021e       0x10 /var/folders/qg/hpnbdp2j6nvf3tgc7d8dbzyw0000gn/T/build4971052180027206230.tmp/core.a(HardwareSerial.cpp.o)
                0x000000000080021e                _ZTV14HardwareSerial
 *(.gnu.linkonce.d*)
                0x000000000080022e                . = ALIGN (0x2)
                0x000000000080022e                _edata = .
                0x000000000080022e                PROVIDE (__data_end, .)

.bss            0x000000000080022e      0x15c
                0x000000000080022e                PROVIDE (__bss_start, .)
 *(.bss)
 *(.bss*)
 .bss.Pinoccio  0x000000000080022e        0x1 /var/folders/qg/hpnbdp2j6nvf3tgc7d8dbzyw0000gn/T/build4971052180027206230.tmp/Pinoccio/Pinoccio.cpp.o
                0x000000000080022e                Pinoccio
 .bss.halTimerDelayInt
                0x000000000080022f        0x1 /var/folders/qg/hpnbdp2j6nvf3tgc7d8dbzyw0000gn/T/build4971052180027206230.tmp/Pinoccio/utility/halTimer.c.o
 .bss.halSleepTimerEvent
                0x0000000000800230        0x1 /var/folders/qg/hpnbdp2j6nvf3tgc7d8dbzyw0000gn/T/build4971052180027206230.tmp/Pinoccio/utility/halSleep.c.o
 .bss.halAdcFinished
                0x0000000000800231        0x1 /var/folders/qg/hpnbdp2j6nvf3tgc7d8dbzyw0000gn/T/build4971052180027206230.tmp/Pinoccio/utility/halTemperature.c.o
 .bss.Serial1   0x0000000000800232       0x1f /var/folders/qg/hpnbdp2j6nvf3tgc7d8dbzyw0000gn/T/build4971052180027206230.tmp/core.a(HardwareSerial.cpp.o)
                0x0000000000800232                Serial1
 .bss.Serial    0x0000000000800251       0x1f /var/folders/qg/hpnbdp2j6nvf3tgc7d8dbzyw0000gn/T/build4971052180027206230.tmp/core.a(HardwareSerial.cpp.o)
                0x0000000000800251                Serial
 .bss.tx_buffer1
                0x0000000000800270       0x44 /var/folders/qg/hpnbdp2j6nvf3tgc7d8dbzyw0000gn/T/build4971052180027206230.tmp/core.a(HardwareSerial.cpp.o)
                0x0000000000800270                tx_buffer1
 .bss.rx_buffer1
                0x00000000008002b4       0x44 /var/folders/qg/hpnbdp2j6nvf3tgc7d8dbzyw0000gn/T/build4971052180027206230.tmp/core.a(HardwareSerial.cpp.o)
                0x00000000008002b4                rx_buffer1
 .bss.tx_buffer
                0x00000000008002f8       0x44 /var/folders/qg/hpnbdp2j6nvf3tgc7d8dbzyw0000gn/T/build4971052180027206230.tmp/core.a(HardwareSerial.cpp.o)
                0x00000000008002f8                tx_buffer
 .bss.rx_buffer
                0x000000000080033c       0x44 /var/folders/qg/hpnbdp2j6nvf3tgc7d8dbzyw0000gn/T/build4971052180027206230.tmp/core.a(HardwareSerial.cpp.o)
                0x000000000080033c                rx_buffer
 .bss.timer0_millis
                0x0000000000800380        0x4 /var/folders/qg/hpnbdp2j6nvf3tgc7d8dbzyw0000gn/T/build4971052180027206230.tmp/core.a(wiring.c.o)
                0x0000000000800380                timer0_millis
 .bss.timer0_overflow_count
                0x0000000000800384        0x4 /var/folders/qg/hpnbdp2j6nvf3tgc7d8dbzyw0000gn/T/build4971052180027206230.tmp/core.a(wiring.c.o)
                0x0000000000800384                timer0_overflow_count
 .bss.timer0_fract
                0x0000000000800388        0x1 /var/folders/qg/hpnbdp2j6nvf3tgc7d8dbzyw0000gn/T/build4971052180027206230.tmp/core.a(wiring.c.o)
 *(COMMON)
 COMMON         0x0000000000800389        0x1 /var/folders/qg/hpnbdp2j6nvf3tgc7d8dbzyw0000gn/T/build4971052180027206230.tmp/Pinoccio/utility/halTimer.c.o
                0x0000000000800389                halTimerIrqCount
                0x000000000080038a                PROVIDE (__bss_end, .)
                0x0000000000000a36                __data_load_start = LOADADDR (.data)
                0x0000000000000a64                __data_load_end = (__data_load_start + SIZEOF (.data))

.noinit         0x000000000080038a        0x0
                0x000000000080038a                PROVIDE (__noinit_start, .)
 *(.noinit*)
                0x000000000080038a                PROVIDE (__noinit_end, .)
                0x000000000080038a                _end = .
                0x000000000080038a                PROVIDE (__heap_start, .)

.eeprom         0x0000000000810000        0x0
 *(.eeprom*)
                0x0000000000810000                __eeprom_end = .

.fuse
 *(.fuse)
 *(.lfuse)
 *(.hfuse)
 *(.efuse)

.lock
 *(.lock*)

.signature
 *(.signature*)

.stab           0x0000000000000000     0x11c4
 *(.stab)
 .stab          0x0000000000000000      0x6cc /usr/local/avr/lib/gcc/avr/4.7.2/../../../../avr/lib/avr51/crtm128rfa1.o
 .stab          0x00000000000006cc      0x1e0 /usr/local/avr/lib/gcc/avr/4.7.2/../../../../avr/lib/avr51/libc.a(atol.o)
                                        0x1ec (size before relaxing)
 .stab          0x00000000000008ac       0x18 /usr/local/avr/lib/gcc/avr/4.7.2/../../../../avr/lib/avr51/libc.a(isspace.o)
                                         0xa8 (size before relaxing)
 .stab          0x00000000000008c4       0x18 /usr/local/avr/lib/gcc/avr/4.7.2/../../../../avr/lib/avr51/libc.a(tolower.o)
                                         0xa8 (size before relaxing)
 .stab          0x00000000000008dc       0x18 /usr/local/avr/lib/gcc/avr/4.7.2/../../../../avr/lib/avr51/libc.a(toupper.o)
                                         0xa8 (size before relaxing)
 .stab          0x00000000000008f4       0x84 /usr/local/avr/lib/gcc/avr/4.7.2/../../../../avr/lib/avr51/libc.a(memcpy.o)
                                         0x90 (size before relaxing)
 .stab          0x0000000000000978       0xe4 /usr/local/avr/lib/gcc/avr/4.7.2/../../../../avr/lib/avr51/libc.a(memmove.o)
                                         0xf0 (size before relaxing)
 .stab          0x0000000000000a5c       0x9c /usr/local/avr/lib/gcc/avr/4.7.2/../../../../avr/lib/avr51/libc.a(strchr.o)
                                         0xa8 (size before relaxing)
 .stab          0x0000000000000af8       0x84 /usr/local/avr/lib/gcc/avr/4.7.2/../../../../avr/lib/avr51/libc.a(strcmp.o)
                                         0x90 (size before relaxing)
 .stab          0x0000000000000b7c       0x6c /usr/local/avr/lib/gcc/avr/4.7.2/../../../../avr/lib/avr51/libc.a(strcpy.o)
                                         0x78 (size before relaxing)
 .stab          0x0000000000000be8       0xc0 /usr/local/avr/lib/gcc/avr/4.7.2/../../../../avr/lib/avr51/libc.a(strncmp.o)
                                         0xcc (size before relaxing)
 .stab          0x0000000000000ca8       0xcc /usr/local/avr/lib/gcc/avr/4.7.2/../../../../avr/lib/avr51/libc.a(strncpy.o)
                                         0xd8 (size before relaxing)
 .stab          0x0000000000000d74       0x9c /usr/local/avr/lib/gcc/avr/4.7.2/../../../../avr/lib/avr51/libc.a(strrchr.o)
                                         0xa8 (size before relaxing)
 .stab          0x0000000000000e10      0x150 /usr/local/avr/lib/gcc/avr/4.7.2/../../../../avr/lib/avr51/libc.a(strstr.o)
                                        0x15c (size before relaxing)
 .stab          0x0000000000000f60       0x18 /usr/local/avr/lib/gcc/avr/4.7.2/../../../../avr/lib/avr51/libc.a(itoa.o)
                                        0x1bc (size before relaxing)
 .stab          0x0000000000000f78       0x18 /usr/local/avr/lib/gcc/avr/4.7.2/../../../../avr/lib/avr51/libc.a(ltoa.o)
                                        0x2a0 (size before relaxing)
 .stab          0x0000000000000f90      0x114 /usr/local/avr/lib/gcc/avr/4.7.2/../../../../avr/lib/avr51/libc.a(mulsi10.o)
                                        0x120 (size before relaxing)
 .stab          0x00000000000010a4       0x18 /usr/local/avr/lib/gcc/avr/4.7.2/../../../../avr/lib/avr51/libc.a(ultoa.o)
                                        0x1ec (size before relaxing)
 .stab          0x00000000000010bc       0x18 /usr/local/avr/lib/gcc/avr/4.7.2/../../../../avr/lib/avr51/libc.a(utoa.o)
                                        0x138 (size before relaxing)
 .stab          0x00000000000010d4       0x18 /usr/local/avr/lib/gcc/avr/4.7.2/../../../../avr/lib/avr51/libc.a(cty_isfalse.o)
                                         0x6c (size before relaxing)
 .stab          0x00000000000010ec       0xd8 /usr/local/avr/lib/gcc/avr/4.7.2/../../../../avr/lib/avr51/libc.a(strrev.o)
                                         0xe4 (size before relaxing)

.stabstr        0x0000000000000000      0x7bf
 *(.stabstr)
 .stabstr       0x0000000000000000      0x7bf /usr/local/avr/lib/gcc/avr/4.7.2/../../../../avr/lib/avr51/crtm128rfa1.o

.stab.excl
 *(.stab.excl)

.stab.exclstr
 *(.stab.exclstr)

.stab.index
 *(.stab.index)

.stab.indexstr
 *(.stab.indexstr)

.comment        0x0000000000000000       0x11
 *(.comment)
 .comment       0x0000000000000000       0x11 /var/folders/qg/hpnbdp2j6nvf3tgc7d8dbzyw0000gn/T/build4971052180027206230.tmp/CheckTemp.cpp.o
                                         0x12 (size before relaxing)
 .comment       0x0000000000000000       0x12 /var/folders/qg/hpnbdp2j6nvf3tgc7d8dbzyw0000gn/T/build4971052180027206230.tmp/Pinoccio/Pinoccio.cpp.o
 .comment       0x0000000000000000       0x12 /var/folders/qg/hpnbdp2j6nvf3tgc7d8dbzyw0000gn/T/build4971052180027206230.tmp/Pinoccio/utility/hal.c.o
 .comment       0x0000000000000000       0x12 /var/folders/qg/hpnbdp2j6nvf3tgc7d8dbzyw0000gn/T/build4971052180027206230.tmp/Pinoccio/utility/halTimer.c.o
 .comment       0x0000000000000000       0x12 /var/folders/qg/hpnbdp2j6nvf3tgc7d8dbzyw0000gn/T/build4971052180027206230.tmp/Pinoccio/utility/phy.c.o
 .comment       0x0000000000000000       0x12 /var/folders/qg/hpnbdp2j6nvf3tgc7d8dbzyw0000gn/T/build4971052180027206230.tmp/Pinoccio/utility/halSleep.c.o
 .comment       0x0000000000000000       0x12 /var/folders/qg/hpnbdp2j6nvf3tgc7d8dbzyw0000gn/T/build4971052180027206230.tmp/Pinoccio/utility/halUart.c.o
 .comment       0x0000000000000000       0x12 /var/folders/qg/hpnbdp2j6nvf3tgc7d8dbzyw0000gn/T/build4971052180027206230.tmp/Pinoccio/utility/halTemperature.c.o
 .comment       0x0000000000000000       0x12 /var/folders/qg/hpnbdp2j6nvf3tgc7d8dbzyw0000gn/T/build4971052180027206230.tmp/Pinoccio/utility/nwk.c.o
 .comment       0x0000000000000000       0x12 /var/folders/qg/hpnbdp2j6nvf3tgc7d8dbzyw0000gn/T/build4971052180027206230.tmp/Pinoccio/utility/nwkDataReq.c.o
 .comment       0x0000000000000000       0x12 /var/folders/qg/hpnbdp2j6nvf3tgc7d8dbzyw0000gn/T/build4971052180027206230.tmp/Pinoccio/utility/nwkSecurity.c.o
 .comment       0x0000000000000000       0x12 /var/folders/qg/hpnbdp2j6nvf3tgc7d8dbzyw0000gn/T/build4971052180027206230.tmp/Pinoccio/utility/nwkFrame.c.o
 .comment       0x0000000000000000       0x12 /var/folders/qg/hpnbdp2j6nvf3tgc7d8dbzyw0000gn/T/build4971052180027206230.tmp/Pinoccio/utility/nwkRoute.c.o
 .comment       0x0000000000000000       0x12 /var/folders/qg/hpnbdp2j6nvf3tgc7d8dbzyw0000gn/T/build4971052180027206230.tmp/Pinoccio/utility/nwkRx.c.o
 .comment       0x0000000000000000       0x12 /var/folders/qg/hpnbdp2j6nvf3tgc7d8dbzyw0000gn/T/build4971052180027206230.tmp/Pinoccio/utility/nwkTx.c.o
 .comment       0x0000000000000000       0x12 /var/folders/qg/hpnbdp2j6nvf3tgc7d8dbzyw0000gn/T/build4971052180027206230.tmp/Pinoccio/utility/sys.c.o
 .comment       0x0000000000000000       0x12 /var/folders/qg/hpnbdp2j6nvf3tgc7d8dbzyw0000gn/T/build4971052180027206230.tmp/Pinoccio/utility/sysTimer.c.o
 .comment       0x0000000000000000       0x12 /var/folders/qg/hpnbdp2j6nvf3tgc7d8dbzyw0000gn/T/build4971052180027206230.tmp/Pinoccio/utility/sysEncrypt.c.o
 .comment       0x0000000000000000       0x12 /var/folders/qg/hpnbdp2j6nvf3tgc7d8dbzyw0000gn/T/build4971052180027206230.tmp/core.a(HardwareSerial.cpp.o)
 .comment       0x0000000000000000       0x12 /var/folders/qg/hpnbdp2j6nvf3tgc7d8dbzyw0000gn/T/build4971052180027206230.tmp/core.a(main.cpp.o)
 .comment       0x0000000000000000       0x12 /var/folders/qg/hpnbdp2j6nvf3tgc7d8dbzyw0000gn/T/build4971052180027206230.tmp/core.a(new.cpp.o)
 .comment       0x0000000000000000       0x12 /var/folders/qg/hpnbdp2j6nvf3tgc7d8dbzyw0000gn/T/build4971052180027206230.tmp/core.a(Print.cpp.o)
 .comment       0x0000000000000000       0x12 /var/folders/qg/hpnbdp2j6nvf3tgc7d8dbzyw0000gn/T/build4971052180027206230.tmp/core.a(WString.cpp.o)
 .comment       0x0000000000000000       0x12 /var/folders/qg/hpnbdp2j6nvf3tgc7d8dbzyw0000gn/T/build4971052180027206230.tmp/core.a(wiring.c.o)
 .comment       0x0000000000000000       0x12 /usr/local/avr/lib/gcc/avr/4.7.2/avr51/libgcc.a(_fixunssfsi.o)
 .comment       0x0000000000000000       0x12 /usr/local/avr/lib/gcc/avr/4.7.2/avr51/libgcc.a(_addsub_sf.o)
 .comment       0x0000000000000000       0x12 /usr/local/avr/lib/gcc/avr/4.7.2/avr51/libgcc.a(_mul_sf.o)
 .comment       0x0000000000000000       0x12 /usr/local/avr/lib/gcc/avr/4.7.2/avr51/libgcc.a(_div_sf.o)
 .comment       0x0000000000000000       0x12 /usr/local/avr/lib/gcc/avr/4.7.2/avr51/libgcc.a(_ge_sf.o)
 .comment       0x0000000000000000       0x12 /usr/local/avr/lib/gcc/avr/4.7.2/avr51/libgcc.a(_lt_sf.o)
 .comment       0x0000000000000000       0x12 /usr/local/avr/lib/gcc/avr/4.7.2/avr51/libgcc.a(_si_to_sf.o)
 .comment       0x0000000000000000       0x12 /usr/local/avr/lib/gcc/avr/4.7.2/avr51/libgcc.a(_sf_to_si.o)
 .comment       0x0000000000000000       0x12 /usr/local/avr/lib/gcc/avr/4.7.2/avr51/libgcc.a(_thenan_sf.o)
 .comment       0x0000000000000000       0x12 /usr/local/avr/lib/gcc/avr/4.7.2/avr51/libgcc.a(_usi_to_sf.o)
 .comment       0x0000000000000000       0x12 /usr/local/avr/lib/gcc/avr/4.7.2/avr51/libgcc.a(_pack_sf.o)
 .comment       0x0000000000000000       0x12 /usr/local/avr/lib/gcc/avr/4.7.2/avr51/libgcc.a(_unpack_sf.o)
 .comment       0x0000000000000000       0x12 /usr/local/avr/lib/gcc/avr/4.7.2/avr51/libgcc.a(_fpcmp_parts_sf.o)
 .comment       0x0000000000000000       0x12 /usr/local/avr/lib/gcc/avr/4.7.2/../../../../avr/lib/avr51/libc.a(malloc.o)
 .comment       0x0000000000000000       0x12 /usr/local/avr/lib/gcc/avr/4.7.2/../../../../avr/lib/avr51/libc.a(realloc.o)

.debug
 *(.debug)

.line
 *(.line)

.debug_srcinfo
 *(.debug_srcinfo)

.debug_sfnames
 *(.debug_sfnames)

.debug_aranges  0x0000000000000000      0xb58
 *(.debug_aranges)
 .debug_aranges
                0x0000000000000000       0x28 /var/folders/qg/hpnbdp2j6nvf3tgc7d8dbzyw0000gn/T/build4971052180027206230.tmp/CheckTemp.cpp.o
 .debug_aranges
                0x0000000000000028       0x48 /var/folders/qg/hpnbdp2j6nvf3tgc7d8dbzyw0000gn/T/build4971052180027206230.tmp/Pinoccio/Pinoccio.cpp.o
 .debug_aranges
                0x0000000000000070       0x28 /var/folders/qg/hpnbdp2j6nvf3tgc7d8dbzyw0000gn/T/build4971052180027206230.tmp/Pinoccio/utility/hal.c.o
 .debug_aranges
                0x0000000000000098       0x38 /var/folders/qg/hpnbdp2j6nvf3tgc7d8dbzyw0000gn/T/build4971052180027206230.tmp/Pinoccio/utility/halTimer.c.o
 .debug_aranges
                0x00000000000000d0       0x30 /var/folders/qg/hpnbdp2j6nvf3tgc7d8dbzyw0000gn/T/build4971052180027206230.tmp/Pinoccio/utility/halSleep.c.o
 .debug_aranges
                0x0000000000000100       0x18 /var/folders/qg/hpnbdp2j6nvf3tgc7d8dbzyw0000gn/T/build4971052180027206230.tmp/Pinoccio/utility/halUart.c.o
 .debug_aranges
                0x0000000000000118       0x38 /var/folders/qg/hpnbdp2j6nvf3tgc7d8dbzyw0000gn/T/build4971052180027206230.tmp/Pinoccio/utility/halTemperature.c.o
 .debug_aranges
                0x0000000000000150       0x58 /var/folders/qg/hpnbdp2j6nvf3tgc7d8dbzyw0000gn/T/build4971052180027206230.tmp/Pinoccio/utility/nwk.c.o
 .debug_aranges
                0x00000000000001a8       0x40 /var/folders/qg/hpnbdp2j6nvf3tgc7d8dbzyw0000gn/T/build4971052180027206230.tmp/Pinoccio/utility/nwkDataReq.c.o
 .debug_aranges
                0x00000000000001e8       0x18 /var/folders/qg/hpnbdp2j6nvf3tgc7d8dbzyw0000gn/T/build4971052180027206230.tmp/Pinoccio/utility/nwkSecurity.c.o
 .debug_aranges
                0x0000000000000200       0x40 /var/folders/qg/hpnbdp2j6nvf3tgc7d8dbzyw0000gn/T/build4971052180027206230.tmp/Pinoccio/utility/nwkFrame.c.o
 .debug_aranges
                0x0000000000000240       0x18 /var/folders/qg/hpnbdp2j6nvf3tgc7d8dbzyw0000gn/T/build4971052180027206230.tmp/Pinoccio/utility/nwkRoute.c.o
 .debug_aranges
                0x0000000000000258       0x58 /var/folders/qg/hpnbdp2j6nvf3tgc7d8dbzyw0000gn/T/build4971052180027206230.tmp/Pinoccio/utility/nwkRx.c.o
 .debug_aranges
                0x00000000000002b0       0x60 /var/folders/qg/hpnbdp2j6nvf3tgc7d8dbzyw0000gn/T/build4971052180027206230.tmp/Pinoccio/utility/nwkTx.c.o
 .debug_aranges
                0x0000000000000310       0x28 /var/folders/qg/hpnbdp2j6nvf3tgc7d8dbzyw0000gn/T/build4971052180027206230.tmp/Pinoccio/utility/sys.c.o
 .debug_aranges
                0x0000000000000338       0x48 /var/folders/qg/hpnbdp2j6nvf3tgc7d8dbzyw0000gn/T/build4971052180027206230.tmp/Pinoccio/utility/sysTimer.c.o
 .debug_aranges
                0x0000000000000380       0x18 /var/folders/qg/hpnbdp2j6nvf3tgc7d8dbzyw0000gn/T/build4971052180027206230.tmp/Pinoccio/utility/sysEncrypt.c.o
 .debug_aranges
                0x0000000000000398       0x88 /var/folders/qg/hpnbdp2j6nvf3tgc7d8dbzyw0000gn/T/build4971052180027206230.tmp/core.a(HardwareSerial.cpp.o)
 .debug_aranges
                0x0000000000000420       0x20 /var/folders/qg/hpnbdp2j6nvf3tgc7d8dbzyw0000gn/T/build4971052180027206230.tmp/core.a(main.cpp.o)
 .debug_aranges
                0x0000000000000440       0x48 /var/folders/qg/hpnbdp2j6nvf3tgc7d8dbzyw0000gn/T/build4971052180027206230.tmp/core.a(new.cpp.o)
 .debug_aranges
                0x0000000000000488       0xf0 /var/folders/qg/hpnbdp2j6nvf3tgc7d8dbzyw0000gn/T/build4971052180027206230.tmp/core.a(Print.cpp.o)
 .debug_aranges
                0x0000000000000578      0x218 /var/folders/qg/hpnbdp2j6nvf3tgc7d8dbzyw0000gn/T/build4971052180027206230.tmp/core.a(WString.cpp.o)
 .debug_aranges
                0x0000000000000790       0x48 /var/folders/qg/hpnbdp2j6nvf3tgc7d8dbzyw0000gn/T/build4971052180027206230.tmp/core.a(wiring.c.o)
 .debug_aranges
                0x00000000000007d8       0x20 /usr/local/avr/lib/gcc/avr/4.7.2/avr51/libgcc.a(_umulhisi3.o)
 .debug_aranges
                0x00000000000007f8       0x20 /usr/local/avr/lib/gcc/avr/4.7.2/avr51/libgcc.a(_divmodhi4.o)
 .debug_aranges
                0x0000000000000818       0x20 /usr/local/avr/lib/gcc/avr/4.7.2/avr51/libgcc.a(_udivmodsi4.o)
 .debug_aranges
                0x0000000000000838       0x20 /usr/local/avr/lib/gcc/avr/4.7.2/avr51/libgcc.a(_exit.o)
 .debug_aranges
                0x0000000000000858       0x20 /usr/local/avr/lib/gcc/avr/4.7.2/avr51/libgcc.a(_copy_data.o)
 .debug_aranges
                0x0000000000000878       0x20 /usr/local/avr/lib/gcc/avr/4.7.2/avr51/libgcc.a(_clear_bss.o)
 .debug_aranges
                0x0000000000000898       0x20 /usr/local/avr/lib/gcc/avr/4.7.2/avr51/libgcc.a(_ctors.o)
 .debug_aranges
                0x00000000000008b8       0x20 /usr/local/avr/lib/gcc/avr/4.7.2/avr51/libgcc.a(_fixunssfsi.o)
 .debug_aranges
                0x00000000000008d8       0x20 /usr/local/avr/lib/gcc/avr/4.7.2/avr51/libgcc.a(_addsub_sf.o)
 .debug_aranges
                0x00000000000008f8       0x20 /usr/local/avr/lib/gcc/avr/4.7.2/avr51/libgcc.a(_mul_sf.o)
 .debug_aranges
                0x0000000000000918       0x20 /usr/local/avr/lib/gcc/avr/4.7.2/avr51/libgcc.a(_div_sf.o)
 .debug_aranges
                0x0000000000000938       0x20 /usr/local/avr/lib/gcc/avr/4.7.2/avr51/libgcc.a(_ge_sf.o)
 .debug_aranges
                0x0000000000000958       0x20 /usr/local/avr/lib/gcc/avr/4.7.2/avr51/libgcc.a(_lt_sf.o)
 .debug_aranges
                0x0000000000000978       0x20 /usr/local/avr/lib/gcc/avr/4.7.2/avr51/libgcc.a(_si_to_sf.o)
 .debug_aranges
                0x0000000000000998       0x20 /usr/local/avr/lib/gcc/avr/4.7.2/avr51/libgcc.a(_sf_to_si.o)
 .debug_aranges
                0x00000000000009b8       0x18 /usr/local/avr/lib/gcc/avr/4.7.2/avr51/libgcc.a(_thenan_sf.o)
 .debug_aranges
                0x00000000000009d0       0x20 /usr/local/avr/lib/gcc/avr/4.7.2/avr51/libgcc.a(_usi_to_sf.o)
 .debug_aranges
                0x00000000000009f0       0x20 /usr/local/avr/lib/gcc/avr/4.7.2/avr51/libgcc.a(_udivmodhi4.o)
 .debug_aranges
                0x0000000000000a10       0x20 /usr/local/avr/lib/gcc/avr/4.7.2/avr51/libgcc.a(_prologue.o)
 .debug_aranges
                0x0000000000000a30       0x20 /usr/local/avr/lib/gcc/avr/4.7.2/avr51/libgcc.a(_epilogue.o)
 .debug_aranges
                0x0000000000000a50       0x20 /usr/local/avr/lib/gcc/avr/4.7.2/avr51/libgcc.a(_tablejump_elpm.o)
 .debug_aranges
                0x0000000000000a70       0x20 /usr/local/avr/lib/gcc/avr/4.7.2/avr51/libgcc.a(_clzsi2.o)
 .debug_aranges
                0x0000000000000a90       0x20 /usr/local/avr/lib/gcc/avr/4.7.2/avr51/libgcc.a(_clzhi2.o)
 .debug_aranges
                0x0000000000000ab0       0x20 /usr/local/avr/lib/gcc/avr/4.7.2/avr51/libgcc.a(_pack_sf.o)
 .debug_aranges
                0x0000000000000ad0       0x20 /usr/local/avr/lib/gcc/avr/4.7.2/avr51/libgcc.a(_unpack_sf.o)
 .debug_aranges
                0x0000000000000af0       0x20 /usr/local/avr/lib/gcc/avr/4.7.2/avr51/libgcc.a(_fpcmp_parts_sf.o)
 .debug_aranges
                0x0000000000000b10       0x28 /usr/local/avr/lib/gcc/avr/4.7.2/../../../../avr/lib/avr51/libc.a(malloc.o)
 .debug_aranges
                0x0000000000000b38       0x20 /usr/local/avr/lib/gcc/avr/4.7.2/../../../../avr/lib/avr51/libc.a(realloc.o)

.debug_pubnames
 *(.debug_pubnames)

.debug_info     0x0000000000000000     0xd870
 *(.debug_info)
 .debug_info    0x0000000000000000      0x373 /var/folders/qg/hpnbdp2j6nvf3tgc7d8dbzyw0000gn/T/build4971052180027206230.tmp/CheckTemp.cpp.o
 .debug_info    0x0000000000000373      0x4c8 /var/folders/qg/hpnbdp2j6nvf3tgc7d8dbzyw0000gn/T/build4971052180027206230.tmp/Pinoccio/Pinoccio.cpp.o
 .debug_info    0x000000000000083b       0xe6 /var/folders/qg/hpnbdp2j6nvf3tgc7d8dbzyw0000gn/T/build4971052180027206230.tmp/Pinoccio/utility/hal.c.o
 .debug_info    0x0000000000000921      0x107 /var/folders/qg/hpnbdp2j6nvf3tgc7d8dbzyw0000gn/T/build4971052180027206230.tmp/Pinoccio/utility/halTimer.c.o
 .debug_info    0x0000000000000a28      0x17d /var/folders/qg/hpnbdp2j6nvf3tgc7d8dbzyw0000gn/T/build4971052180027206230.tmp/Pinoccio/utility/halSleep.c.o
 .debug_info    0x0000000000000ba5       0x52 /var/folders/qg/hpnbdp2j6nvf3tgc7d8dbzyw0000gn/T/build4971052180027206230.tmp/Pinoccio/utility/halUart.c.o
 .debug_info    0x0000000000000bf7      0x2db /var/folders/qg/hpnbdp2j6nvf3tgc7d8dbzyw0000gn/T/build4971052180027206230.tmp/Pinoccio/utility/halTemperature.c.o
 .debug_info    0x0000000000000ed2      0x43f /var/folders/qg/hpnbdp2j6nvf3tgc7d8dbzyw0000gn/T/build4971052180027206230.tmp/Pinoccio/utility/nwk.c.o
 .debug_info    0x0000000000001311      0x762 /var/folders/qg/hpnbdp2j6nvf3tgc7d8dbzyw0000gn/T/build4971052180027206230.tmp/Pinoccio/utility/nwkDataReq.c.o
 .debug_info    0x0000000000001a73       0x60 /var/folders/qg/hpnbdp2j6nvf3tgc7d8dbzyw0000gn/T/build4971052180027206230.tmp/Pinoccio/utility/nwkSecurity.c.o
 .debug_info    0x0000000000001ad3      0x528 /var/folders/qg/hpnbdp2j6nvf3tgc7d8dbzyw0000gn/T/build4971052180027206230.tmp/Pinoccio/utility/nwkFrame.c.o
 .debug_info    0x0000000000001ffb       0x60 /var/folders/qg/hpnbdp2j6nvf3tgc7d8dbzyw0000gn/T/build4971052180027206230.tmp/Pinoccio/utility/nwkRoute.c.o
 .debug_info    0x000000000000205b      0xbc8 /var/folders/qg/hpnbdp2j6nvf3tgc7d8dbzyw0000gn/T/build4971052180027206230.tmp/Pinoccio/utility/nwkRx.c.o
 .debug_info    0x0000000000002c23      0x97e /var/folders/qg/hpnbdp2j6nvf3tgc7d8dbzyw0000gn/T/build4971052180027206230.tmp/Pinoccio/utility/nwkTx.c.o
 .debug_info    0x00000000000035a1      0x11b /var/folders/qg/hpnbdp2j6nvf3tgc7d8dbzyw0000gn/T/build4971052180027206230.tmp/Pinoccio/utility/sys.c.o
 .debug_info    0x00000000000036bc      0x364 /var/folders/qg/hpnbdp2j6nvf3tgc7d8dbzyw0000gn/T/build4971052180027206230.tmp/Pinoccio/utility/sysTimer.c.o
 .debug_info    0x0000000000003a20       0x52 /var/folders/qg/hpnbdp2j6nvf3tgc7d8dbzyw0000gn/T/build4971052180027206230.tmp/Pinoccio/utility/sysEncrypt.c.o
 .debug_info    0x0000000000003a72      0xe85 /var/folders/qg/hpnbdp2j6nvf3tgc7d8dbzyw0000gn/T/build4971052180027206230.tmp/core.a(HardwareSerial.cpp.o)
 .debug_info    0x00000000000048f7      0x1d8 /var/folders/qg/hpnbdp2j6nvf3tgc7d8dbzyw0000gn/T/build4971052180027206230.tmp/core.a(main.cpp.o)
 .debug_info    0x0000000000004acf      0x1a4 /var/folders/qg/hpnbdp2j6nvf3tgc7d8dbzyw0000gn/T/build4971052180027206230.tmp/core.a(new.cpp.o)
 .debug_info    0x0000000000004c73     0x2434 /var/folders/qg/hpnbdp2j6nvf3tgc7d8dbzyw0000gn/T/build4971052180027206230.tmp/core.a(Print.cpp.o)
 .debug_info    0x00000000000070a7     0x3104 /var/folders/qg/hpnbdp2j6nvf3tgc7d8dbzyw0000gn/T/build4971052180027206230.tmp/core.a(WString.cpp.o)
 .debug_info    0x000000000000a1ab      0x2e2 /var/folders/qg/hpnbdp2j6nvf3tgc7d8dbzyw0000gn/T/build4971052180027206230.tmp/core.a(wiring.c.o)
 .debug_info    0x000000000000a48d       0xc0 /usr/local/avr/lib/gcc/avr/4.7.2/avr51/libgcc.a(_umulhisi3.o)
 .debug_info    0x000000000000a54d       0xc0 /usr/local/avr/lib/gcc/avr/4.7.2/avr51/libgcc.a(_divmodhi4.o)
 .debug_info    0x000000000000a60d       0xc0 /usr/local/avr/lib/gcc/avr/4.7.2/avr51/libgcc.a(_udivmodsi4.o)
 .debug_info    0x000000000000a6cd       0xc0 /usr/local/avr/lib/gcc/avr/4.7.2/avr51/libgcc.a(_exit.o)
 .debug_info    0x000000000000a78d       0xc0 /usr/local/avr/lib/gcc/avr/4.7.2/avr51/libgcc.a(_copy_data.o)
 .debug_info    0x000000000000a84d       0xc0 /usr/local/avr/lib/gcc/avr/4.7.2/avr51/libgcc.a(_clear_bss.o)
 .debug_info    0x000000000000a90d       0xc0 /usr/local/avr/lib/gcc/avr/4.7.2/avr51/libgcc.a(_ctors.o)
 .debug_info    0x000000000000a9cd       0xbe /usr/local/avr/lib/gcc/avr/4.7.2/avr51/libgcc.a(_fixunssfsi.o)
 .debug_info    0x000000000000aa8b      0x589 /usr/local/avr/lib/gcc/avr/4.7.2/avr51/libgcc.a(_addsub_sf.o)
 .debug_info    0x000000000000b014      0x47c /usr/local/avr/lib/gcc/avr/4.7.2/avr51/libgcc.a(_mul_sf.o)
 .debug_info    0x000000000000b490      0x403 /usr/local/avr/lib/gcc/avr/4.7.2/avr51/libgcc.a(_div_sf.o)
 .debug_info    0x000000000000b893      0x32d /usr/local/avr/lib/gcc/avr/4.7.2/avr51/libgcc.a(_ge_sf.o)
 .debug_info    0x000000000000bbc0      0x32d /usr/local/avr/lib/gcc/avr/4.7.2/avr51/libgcc.a(_lt_sf.o)
 .debug_info    0x000000000000beed      0x261 /usr/local/avr/lib/gcc/avr/4.7.2/avr51/libgcc.a(_si_to_sf.o)
 .debug_info    0x000000000000c14e      0x2e6 /usr/local/avr/lib/gcc/avr/4.7.2/avr51/libgcc.a(_sf_to_si.o)
 .debug_info    0x000000000000c434      0x150 /usr/local/avr/lib/gcc/avr/4.7.2/avr51/libgcc.a(_thenan_sf.o)
 .debug_info    0x000000000000c584      0x264 /usr/local/avr/lib/gcc/avr/4.7.2/avr51/libgcc.a(_usi_to_sf.o)
 .debug_info    0x000000000000c7e8       0xc0 /usr/local/avr/lib/gcc/avr/4.7.2/avr51/libgcc.a(_udivmodhi4.o)
 .debug_info    0x000000000000c8a8       0xc0 /usr/local/avr/lib/gcc/avr/4.7.2/avr51/libgcc.a(_prologue.o)
 .debug_info    0x000000000000c968       0xc0 /usr/local/avr/lib/gcc/avr/4.7.2/avr51/libgcc.a(_epilogue.o)
 .debug_info    0x000000000000ca28       0xc0 /usr/local/avr/lib/gcc/avr/4.7.2/avr51/libgcc.a(_tablejump_elpm.o)
 .debug_info    0x000000000000cae8       0xc0 /usr/local/avr/lib/gcc/avr/4.7.2/avr51/libgcc.a(_clzsi2.o)
 .debug_info    0x000000000000cba8       0xc0 /usr/local/avr/lib/gcc/avr/4.7.2/avr51/libgcc.a(_clzhi2.o)
 .debug_info    0x000000000000cc68      0x2d2 /usr/local/avr/lib/gcc/avr/4.7.2/avr51/libgcc.a(_pack_sf.o)
 .debug_info    0x000000000000cf3a      0x268 /usr/local/avr/lib/gcc/avr/4.7.2/avr51/libgcc.a(_unpack_sf.o)
 .debug_info    0x000000000000d1a2      0x1ef /usr/local/avr/lib/gcc/avr/4.7.2/avr51/libgcc.a(_fpcmp_parts_sf.o)
 .debug_info    0x000000000000d391      0x241 /usr/local/avr/lib/gcc/avr/4.7.2/../../../../avr/lib/avr51/libc.a(malloc.o)
 .debug_info    0x000000000000d5d2      0x29e /usr/local/avr/lib/gcc/avr/4.7.2/../../../../avr/lib/avr51/libc.a(realloc.o)
 *(.gnu.linkonce.wi.*)

.debug_abbrev   0x0000000000000000     0x3dc9
 *(.debug_abbrev)
 .debug_abbrev  0x0000000000000000      0x15b /var/folders/qg/hpnbdp2j6nvf3tgc7d8dbzyw0000gn/T/build4971052180027206230.tmp/CheckTemp.cpp.o
 .debug_abbrev  0x000000000000015b      0x1f8 /var/folders/qg/hpnbdp2j6nvf3tgc7d8dbzyw0000gn/T/build4971052180027206230.tmp/Pinoccio/Pinoccio.cpp.o
 .debug_abbrev  0x0000000000000353       0x97 /var/folders/qg/hpnbdp2j6nvf3tgc7d8dbzyw0000gn/T/build4971052180027206230.tmp/Pinoccio/utility/hal.c.o
 .debug_abbrev  0x00000000000003ea       0xb7 /var/folders/qg/hpnbdp2j6nvf3tgc7d8dbzyw0000gn/T/build4971052180027206230.tmp/Pinoccio/utility/halTimer.c.o
 .debug_abbrev  0x00000000000004a1       0xcb /var/folders/qg/hpnbdp2j6nvf3tgc7d8dbzyw0000gn/T/build4971052180027206230.tmp/Pinoccio/utility/halSleep.c.o
 .debug_abbrev  0x000000000000056c       0x24 /var/folders/qg/hpnbdp2j6nvf3tgc7d8dbzyw0000gn/T/build4971052180027206230.tmp/Pinoccio/utility/halUart.c.o
 .debug_abbrev  0x0000000000000590      0x16a /var/folders/qg/hpnbdp2j6nvf3tgc7d8dbzyw0000gn/T/build4971052180027206230.tmp/Pinoccio/utility/halTemperature.c.o
 .debug_abbrev  0x00000000000006fa      0x17e /var/folders/qg/hpnbdp2j6nvf3tgc7d8dbzyw0000gn/T/build4971052180027206230.tmp/Pinoccio/utility/nwk.c.o
 .debug_abbrev  0x0000000000000878      0x2b9 /var/folders/qg/hpnbdp2j6nvf3tgc7d8dbzyw0000gn/T/build4971052180027206230.tmp/Pinoccio/utility/nwkDataReq.c.o
 .debug_abbrev  0x0000000000000b31       0x24 /var/folders/qg/hpnbdp2j6nvf3tgc7d8dbzyw0000gn/T/build4971052180027206230.tmp/Pinoccio/utility/nwkSecurity.c.o
 .debug_abbrev  0x0000000000000b55      0x196 /var/folders/qg/hpnbdp2j6nvf3tgc7d8dbzyw0000gn/T/build4971052180027206230.tmp/Pinoccio/utility/nwkFrame.c.o
 .debug_abbrev  0x0000000000000ceb       0x24 /var/folders/qg/hpnbdp2j6nvf3tgc7d8dbzyw0000gn/T/build4971052180027206230.tmp/Pinoccio/utility/nwkRoute.c.o
 .debug_abbrev  0x0000000000000d0f      0x3ee /var/folders/qg/hpnbdp2j6nvf3tgc7d8dbzyw0000gn/T/build4971052180027206230.tmp/Pinoccio/utility/nwkRx.c.o
 .debug_abbrev  0x00000000000010fd      0x39b /var/folders/qg/hpnbdp2j6nvf3tgc7d8dbzyw0000gn/T/build4971052180027206230.tmp/Pinoccio/utility/nwkTx.c.o
 .debug_abbrev  0x0000000000001498       0x6e /var/folders/qg/hpnbdp2j6nvf3tgc7d8dbzyw0000gn/T/build4971052180027206230.tmp/Pinoccio/utility/sys.c.o
 .debug_abbrev  0x0000000000001506      0x1dc /var/folders/qg/hpnbdp2j6nvf3tgc7d8dbzyw0000gn/T/build4971052180027206230.tmp/Pinoccio/utility/sysTimer.c.o
 .debug_abbrev  0x00000000000016e2       0x24 /var/folders/qg/hpnbdp2j6nvf3tgc7d8dbzyw0000gn/T/build4971052180027206230.tmp/Pinoccio/utility/sysEncrypt.c.o
 .debug_abbrev  0x0000000000001706      0x45b /var/folders/qg/hpnbdp2j6nvf3tgc7d8dbzyw0000gn/T/build4971052180027206230.tmp/core.a(HardwareSerial.cpp.o)
 .debug_abbrev  0x0000000000001b61       0xa4 /var/folders/qg/hpnbdp2j6nvf3tgc7d8dbzyw0000gn/T/build4971052180027206230.tmp/core.a(main.cpp.o)
 .debug_abbrev  0x0000000000001c05      0x140 /var/folders/qg/hpnbdp2j6nvf3tgc7d8dbzyw0000gn/T/build4971052180027206230.tmp/core.a(new.cpp.o)
 .debug_abbrev  0x0000000000001d45      0x419 /var/folders/qg/hpnbdp2j6nvf3tgc7d8dbzyw0000gn/T/build4971052180027206230.tmp/core.a(Print.cpp.o)
 .debug_abbrev  0x000000000000215e      0x45f /var/folders/qg/hpnbdp2j6nvf3tgc7d8dbzyw0000gn/T/build4971052180027206230.tmp/core.a(WString.cpp.o)
 .debug_abbrev  0x00000000000025bd      0x123 /var/folders/qg/hpnbdp2j6nvf3tgc7d8dbzyw0000gn/T/build4971052180027206230.tmp/core.a(wiring.c.o)
 .debug_abbrev  0x00000000000026e0       0x14 /usr/local/avr/lib/gcc/avr/4.7.2/avr51/libgcc.a(_umulhisi3.o)
 .debug_abbrev  0x00000000000026f4       0x14 /usr/local/avr/lib/gcc/avr/4.7.2/avr51/libgcc.a(_divmodhi4.o)
 .debug_abbrev  0x0000000000002708       0x14 /usr/local/avr/lib/gcc/avr/4.7.2/avr51/libgcc.a(_udivmodsi4.o)
 .debug_abbrev  0x000000000000271c       0x14 /usr/local/avr/lib/gcc/avr/4.7.2/avr51/libgcc.a(_exit.o)
 .debug_abbrev  0x0000000000002730       0x14 /usr/local/avr/lib/gcc/avr/4.7.2/avr51/libgcc.a(_copy_data.o)
 .debug_abbrev  0x0000000000002744       0x14 /usr/local/avr/lib/gcc/avr/4.7.2/avr51/libgcc.a(_clear_bss.o)
 .debug_abbrev  0x0000000000002758       0x14 /usr/local/avr/lib/gcc/avr/4.7.2/avr51/libgcc.a(_ctors.o)
 .debug_abbrev  0x000000000000276c       0x60 /usr/local/avr/lib/gcc/avr/4.7.2/avr51/libgcc.a(_fixunssfsi.o)
 .debug_abbrev  0x00000000000027cc      0x215 /usr/local/avr/lib/gcc/avr/4.7.2/avr51/libgcc.a(_addsub_sf.o)
 .debug_abbrev  0x00000000000029e1      0x228 /usr/local/avr/lib/gcc/avr/4.7.2/avr51/libgcc.a(_mul_sf.o)
 .debug_abbrev  0x0000000000002c09      0x21a /usr/local/avr/lib/gcc/avr/4.7.2/avr51/libgcc.a(_div_sf.o)
 .debug_abbrev  0x0000000000002e23      0x1a5 /usr/local/avr/lib/gcc/avr/4.7.2/avr51/libgcc.a(_ge_sf.o)
 .debug_abbrev  0x0000000000002fc8      0x1a5 /usr/local/avr/lib/gcc/avr/4.7.2/avr51/libgcc.a(_lt_sf.o)
 .debug_abbrev  0x000000000000316d      0x19c /usr/local/avr/lib/gcc/avr/4.7.2/avr51/libgcc.a(_si_to_sf.o)
 .debug_abbrev  0x0000000000003309      0x194 /usr/local/avr/lib/gcc/avr/4.7.2/avr51/libgcc.a(_sf_to_si.o)
 .debug_abbrev  0x000000000000349d       0xb6 /usr/local/avr/lib/gcc/avr/4.7.2/avr51/libgcc.a(_thenan_sf.o)
 .debug_abbrev  0x0000000000003553      0x1b6 /usr/local/avr/lib/gcc/avr/4.7.2/avr51/libgcc.a(_usi_to_sf.o)
 .debug_abbrev  0x0000000000003709       0x14 /usr/local/avr/lib/gcc/avr/4.7.2/avr51/libgcc.a(_udivmodhi4.o)
 .debug_abbrev  0x000000000000371d       0x14 /usr/local/avr/lib/gcc/avr/4.7.2/avr51/libgcc.a(_prologue.o)
 .debug_abbrev  0x0000000000003731       0x14 /usr/local/avr/lib/gcc/avr/4.7.2/avr51/libgcc.a(_epilogue.o)
 .debug_abbrev  0x0000000000003745       0x14 /usr/local/avr/lib/gcc/avr/4.7.2/avr51/libgcc.a(_tablejump_elpm.o)
 .debug_abbrev  0x0000000000003759       0x14 /usr/local/avr/lib/gcc/avr/4.7.2/avr51/libgcc.a(_clzsi2.o)
 .debug_abbrev  0x000000000000376d       0x14 /usr/local/avr/lib/gcc/avr/4.7.2/avr51/libgcc.a(_clzhi2.o)
 .debug_abbrev  0x0000000000003781      0x195 /usr/local/avr/lib/gcc/avr/4.7.2/avr51/libgcc.a(_pack_sf.o)
 .debug_abbrev  0x0000000000003916      0x15f /usr/local/avr/lib/gcc/avr/4.7.2/avr51/libgcc.a(_unpack_sf.o)
 .debug_abbrev  0x0000000000003a75      0x11d /usr/local/avr/lib/gcc/avr/4.7.2/avr51/libgcc.a(_fpcmp_parts_sf.o)
 .debug_abbrev  0x0000000000003b92       0xfb /usr/local/avr/lib/gcc/avr/4.7.2/../../../../avr/lib/avr51/libc.a(malloc.o)
 .debug_abbrev  0x0000000000003c8d      0x13c /usr/local/avr/lib/gcc/avr/4.7.2/../../../../avr/lib/avr51/libc.a(realloc.o)

.debug_line     0x0000000000000000     0x3656
 *(.debug_line)
 .debug_line    0x0000000000000000      0x1e8 /var/folders/qg/hpnbdp2j6nvf3tgc7d8dbzyw0000gn/T/build4971052180027206230.tmp/CheckTemp.cpp.o
 .debug_line    0x00000000000001e8      0x283 /var/folders/qg/hpnbdp2j6nvf3tgc7d8dbzyw0000gn/T/build4971052180027206230.tmp/Pinoccio/Pinoccio.cpp.o
 .debug_line    0x000000000000046b       0xe2 /var/folders/qg/hpnbdp2j6nvf3tgc7d8dbzyw0000gn/T/build4971052180027206230.tmp/Pinoccio/utility/hal.c.o
 .debug_line    0x000000000000054d      0x109 /var/folders/qg/hpnbdp2j6nvf3tgc7d8dbzyw0000gn/T/build4971052180027206230.tmp/Pinoccio/utility/halTimer.c.o
 .debug_line    0x0000000000000656        0x0 /var/folders/qg/hpnbdp2j6nvf3tgc7d8dbzyw0000gn/T/build4971052180027206230.tmp/Pinoccio/utility/phy.c.o
 .debug_line    0x0000000000000656      0x11c /var/folders/qg/hpnbdp2j6nvf3tgc7d8dbzyw0000gn/T/build4971052180027206230.tmp/Pinoccio/utility/halSleep.c.o
 .debug_line    0x0000000000000772       0x1d /var/folders/qg/hpnbdp2j6nvf3tgc7d8dbzyw0000gn/T/build4971052180027206230.tmp/Pinoccio/utility/halUart.c.o
 .debug_line    0x000000000000078f      0x1a1 /var/folders/qg/hpnbdp2j6nvf3tgc7d8dbzyw0000gn/T/build4971052180027206230.tmp/Pinoccio/utility/halTemperature.c.o
 .debug_line    0x0000000000000930      0x176 /var/folders/qg/hpnbdp2j6nvf3tgc7d8dbzyw0000gn/T/build4971052180027206230.tmp/Pinoccio/utility/nwk.c.o
 .debug_line    0x0000000000000aa6      0x176 /var/folders/qg/hpnbdp2j6nvf3tgc7d8dbzyw0000gn/T/build4971052180027206230.tmp/Pinoccio/utility/nwkDataReq.c.o
 .debug_line    0x0000000000000c1c       0x1d /var/folders/qg/hpnbdp2j6nvf3tgc7d8dbzyw0000gn/T/build4971052180027206230.tmp/Pinoccio/utility/nwkSecurity.c.o
 .debug_line    0x0000000000000c39      0x130 /var/folders/qg/hpnbdp2j6nvf3tgc7d8dbzyw0000gn/T/build4971052180027206230.tmp/Pinoccio/utility/nwkFrame.c.o
 .debug_line    0x0000000000000d69       0x1d /var/folders/qg/hpnbdp2j6nvf3tgc7d8dbzyw0000gn/T/build4971052180027206230.tmp/Pinoccio/utility/nwkRoute.c.o
 .debug_line    0x0000000000000d86      0x207 /var/folders/qg/hpnbdp2j6nvf3tgc7d8dbzyw0000gn/T/build4971052180027206230.tmp/Pinoccio/utility/nwkRx.c.o
 .debug_line    0x0000000000000f8d      0x20f /var/folders/qg/hpnbdp2j6nvf3tgc7d8dbzyw0000gn/T/build4971052180027206230.tmp/Pinoccio/utility/nwkTx.c.o
 .debug_line    0x000000000000119c       0xba /var/folders/qg/hpnbdp2j6nvf3tgc7d8dbzyw0000gn/T/build4971052180027206230.tmp/Pinoccio/utility/sys.c.o
 .debug_line    0x0000000000001256      0x18f /var/folders/qg/hpnbdp2j6nvf3tgc7d8dbzyw0000gn/T/build4971052180027206230.tmp/Pinoccio/utility/sysTimer.c.o
 .debug_line    0x00000000000013e5       0x1d /var/folders/qg/hpnbdp2j6nvf3tgc7d8dbzyw0000gn/T/build4971052180027206230.tmp/Pinoccio/utility/sysEncrypt.c.o
 .debug_line    0x0000000000001402      0x327 /var/folders/qg/hpnbdp2j6nvf3tgc7d8dbzyw0000gn/T/build4971052180027206230.tmp/core.a(HardwareSerial.cpp.o)
 .debug_line    0x0000000000001729      0x15c /var/folders/qg/hpnbdp2j6nvf3tgc7d8dbzyw0000gn/T/build4971052180027206230.tmp/core.a(main.cpp.o)
 .debug_line    0x0000000000001885      0x155 /var/folders/qg/hpnbdp2j6nvf3tgc7d8dbzyw0000gn/T/build4971052180027206230.tmp/core.a(new.cpp.o)
 .debug_line    0x00000000000019da      0x42e /var/folders/qg/hpnbdp2j6nvf3tgc7d8dbzyw0000gn/T/build4971052180027206230.tmp/core.a(Print.cpp.o)
 .debug_line    0x0000000000001e08      0x7d3 /var/folders/qg/hpnbdp2j6nvf3tgc7d8dbzyw0000gn/T/build4971052180027206230.tmp/core.a(WString.cpp.o)
 .debug_line    0x00000000000025db      0x1e0 /var/folders/qg/hpnbdp2j6nvf3tgc7d8dbzyw0000gn/T/build4971052180027206230.tmp/core.a(wiring.c.o)
 .debug_line    0x00000000000027bb       0x65 /usr/local/avr/lib/gcc/avr/4.7.2/avr51/libgcc.a(_umulhisi3.o)
 .debug_line    0x0000000000002820       0x6c /usr/local/avr/lib/gcc/avr/4.7.2/avr51/libgcc.a(_divmodhi4.o)
 .debug_line    0x000000000000288c       0x7b /usr/local/avr/lib/gcc/avr/4.7.2/avr51/libgcc.a(_udivmodsi4.o)
 .debug_line    0x0000000000002907       0x5b /usr/local/avr/lib/gcc/avr/4.7.2/avr51/libgcc.a(_exit.o)
 .debug_line    0x0000000000002962       0x66 /usr/local/avr/lib/gcc/avr/4.7.2/avr51/libgcc.a(_copy_data.o)
 .debug_line    0x00000000000029c8       0x61 /usr/local/avr/lib/gcc/avr/4.7.2/avr51/libgcc.a(_clear_bss.o)
 .debug_line    0x0000000000002a29       0x68 /usr/local/avr/lib/gcc/avr/4.7.2/avr51/libgcc.a(_ctors.o)
 .debug_line    0x0000000000002a91       0x5e /usr/local/avr/lib/gcc/avr/4.7.2/avr51/libgcc.a(_fixunssfsi.o)
 .debug_line    0x0000000000002aef       0xc1 /usr/local/avr/lib/gcc/avr/4.7.2/avr51/libgcc.a(_addsub_sf.o)
 .debug_line    0x0000000000002bb0       0xc2 /usr/local/avr/lib/gcc/avr/4.7.2/avr51/libgcc.a(_mul_sf.o)
 .debug_line    0x0000000000002c72       0xa2 /usr/local/avr/lib/gcc/avr/4.7.2/avr51/libgcc.a(_div_sf.o)
 .debug_line    0x0000000000002d14       0x94 /usr/local/avr/lib/gcc/avr/4.7.2/avr51/libgcc.a(_ge_sf.o)
 .debug_line    0x0000000000002da8       0x94 /usr/local/avr/lib/gcc/avr/4.7.2/avr51/libgcc.a(_lt_sf.o)
 .debug_line    0x0000000000002e3c       0x74 /usr/local/avr/lib/gcc/avr/4.7.2/avr51/libgcc.a(_si_to_sf.o)
 .debug_line    0x0000000000002eb0       0x70 /usr/local/avr/lib/gcc/avr/4.7.2/avr51/libgcc.a(_sf_to_si.o)
 .debug_line    0x0000000000002f20       0x48 /usr/local/avr/lib/gcc/avr/4.7.2/avr51/libgcc.a(_thenan_sf.o)
 .debug_line    0x0000000000002f68       0x76 /usr/local/avr/lib/gcc/avr/4.7.2/avr51/libgcc.a(_usi_to_sf.o)
 .debug_line    0x0000000000002fde       0x6d /usr/local/avr/lib/gcc/avr/4.7.2/avr51/libgcc.a(_udivmodhi4.o)
 .debug_line    0x000000000000304b       0x77 /usr/local/avr/lib/gcc/avr/4.7.2/avr51/libgcc.a(_prologue.o)
 .debug_line    0x00000000000030c2       0x76 /usr/local/avr/lib/gcc/avr/4.7.2/avr51/libgcc.a(_epilogue.o)
 .debug_line    0x0000000000003138       0x5d /usr/local/avr/lib/gcc/avr/4.7.2/avr51/libgcc.a(_tablejump_elpm.o)
 .debug_line    0x0000000000003195       0x60 /usr/local/avr/lib/gcc/avr/4.7.2/avr51/libgcc.a(_clzsi2.o)
 .debug_line    0x00000000000031f5       0x6b /usr/local/avr/lib/gcc/avr/4.7.2/avr51/libgcc.a(_clzhi2.o)
 .debug_line    0x0000000000003260       0x99 /usr/local/avr/lib/gcc/avr/4.7.2/avr51/libgcc.a(_pack_sf.o)
 .debug_line    0x00000000000032f9       0x7c /usr/local/avr/lib/gcc/avr/4.7.2/avr51/libgcc.a(_unpack_sf.o)
 .debug_line    0x0000000000003375       0x94 /usr/local/avr/lib/gcc/avr/4.7.2/avr51/libgcc.a(_fpcmp_parts_sf.o)
 .debug_line    0x0000000000003409      0x131 /usr/local/avr/lib/gcc/avr/4.7.2/../../../../avr/lib/avr51/libc.a(malloc.o)
 .debug_line    0x000000000000353a      0x11c /usr/local/avr/lib/gcc/avr/4.7.2/../../../../avr/lib/avr51/libc.a(realloc.o)

.debug_frame    0x0000000000000000     0x1948
 *(.debug_frame)
 .debug_frame   0x0000000000000000       0x34 /var/folders/qg/hpnbdp2j6nvf3tgc7d8dbzyw0000gn/T/build4971052180027206230.tmp/CheckTemp.cpp.o
 .debug_frame   0x0000000000000034       0x74 /var/folders/qg/hpnbdp2j6nvf3tgc7d8dbzyw0000gn/T/build4971052180027206230.tmp/Pinoccio/Pinoccio.cpp.o
 .debug_frame   0x00000000000000a8       0x34 /var/folders/qg/hpnbdp2j6nvf3tgc7d8dbzyw0000gn/T/build4971052180027206230.tmp/Pinoccio/utility/hal.c.o
 .debug_frame   0x00000000000000dc       0x74 /var/folders/qg/hpnbdp2j6nvf3tgc7d8dbzyw0000gn/T/build4971052180027206230.tmp/Pinoccio/utility/halTimer.c.o
 .debug_frame   0x0000000000000150       0x70 /var/folders/qg/hpnbdp2j6nvf3tgc7d8dbzyw0000gn/T/build4971052180027206230.tmp/Pinoccio/utility/halSleep.c.o
 .debug_frame   0x00000000000001c0       0x8c /var/folders/qg/hpnbdp2j6nvf3tgc7d8dbzyw0000gn/T/build4971052180027206230.tmp/Pinoccio/utility/halTemperature.c.o
 .debug_frame   0x000000000000024c       0x94 /var/folders/qg/hpnbdp2j6nvf3tgc7d8dbzyw0000gn/T/build4971052180027206230.tmp/Pinoccio/utility/nwk.c.o
 .debug_frame   0x00000000000002e0       0x78 /var/folders/qg/hpnbdp2j6nvf3tgc7d8dbzyw0000gn/T/build4971052180027206230.tmp/Pinoccio/utility/nwkDataReq.c.o
 .debug_frame   0x0000000000000358       0x64 /var/folders/qg/hpnbdp2j6nvf3tgc7d8dbzyw0000gn/T/build4971052180027206230.tmp/Pinoccio/utility/nwkFrame.c.o
 .debug_frame   0x00000000000003bc       0xc4 /var/folders/qg/hpnbdp2j6nvf3tgc7d8dbzyw0000gn/T/build4971052180027206230.tmp/Pinoccio/utility/nwkRx.c.o
 .debug_frame   0x0000000000000480       0xdc /var/folders/qg/hpnbdp2j6nvf3tgc7d8dbzyw0000gn/T/build4971052180027206230.tmp/Pinoccio/utility/nwkTx.c.o
 .debug_frame   0x000000000000055c       0x34 /var/folders/qg/hpnbdp2j6nvf3tgc7d8dbzyw0000gn/T/build4971052180027206230.tmp/Pinoccio/utility/sys.c.o
 .debug_frame   0x0000000000000590       0xc0 /var/folders/qg/hpnbdp2j6nvf3tgc7d8dbzyw0000gn/T/build4971052180027206230.tmp/Pinoccio/utility/sysTimer.c.o
 .debug_frame   0x0000000000000650      0x224 /var/folders/qg/hpnbdp2j6nvf3tgc7d8dbzyw0000gn/T/build4971052180027206230.tmp/core.a(HardwareSerial.cpp.o)
 .debug_frame   0x0000000000000874       0x24 /var/folders/qg/hpnbdp2j6nvf3tgc7d8dbzyw0000gn/T/build4971052180027206230.tmp/core.a(main.cpp.o)
 .debug_frame   0x0000000000000898       0x74 /var/folders/qg/hpnbdp2j6nvf3tgc7d8dbzyw0000gn/T/build4971052180027206230.tmp/core.a(new.cpp.o)
 .debug_frame   0x000000000000090c      0x3f0 /var/folders/qg/hpnbdp2j6nvf3tgc7d8dbzyw0000gn/T/build4971052180027206230.tmp/core.a(Print.cpp.o)
 .debug_frame   0x0000000000000cfc      0x7ec /var/folders/qg/hpnbdp2j6nvf3tgc7d8dbzyw0000gn/T/build4971052180027206230.tmp/core.a(WString.cpp.o)
 .debug_frame   0x00000000000014e8       0xd4 /var/folders/qg/hpnbdp2j6nvf3tgc7d8dbzyw0000gn/T/build4971052180027206230.tmp/core.a(wiring.c.o)
 .debug_frame   0x00000000000015bc       0x44 /usr/local/avr/lib/gcc/avr/4.7.2/avr51/libgcc.a(_fixunssfsi.o)
 .debug_frame   0x0000000000001600       0x78 /usr/local/avr/lib/gcc/avr/4.7.2/avr51/libgcc.a(_addsub_sf.o)
 .debug_frame   0x0000000000001678       0x48 /usr/local/avr/lib/gcc/avr/4.7.2/avr51/libgcc.a(_mul_sf.o)
 .debug_frame   0x00000000000016c0       0x38 /usr/local/avr/lib/gcc/avr/4.7.2/avr51/libgcc.a(_div_sf.o)
 .debug_frame   0x00000000000016f8       0x2c /usr/local/avr/lib/gcc/avr/4.7.2/avr51/libgcc.a(_ge_sf.o)
 .debug_frame   0x0000000000001724       0x2c /usr/local/avr/lib/gcc/avr/4.7.2/avr51/libgcc.a(_lt_sf.o)
 .debug_frame   0x0000000000001750       0x30 /usr/local/avr/lib/gcc/avr/4.7.2/avr51/libgcc.a(_si_to_sf.o)
 .debug_frame   0x0000000000001780       0x30 /usr/local/avr/lib/gcc/avr/4.7.2/avr51/libgcc.a(_sf_to_si.o)
 .debug_frame   0x00000000000017b0       0x38 /usr/local/avr/lib/gcc/avr/4.7.2/avr51/libgcc.a(_usi_to_sf.o)
 .debug_frame   0x00000000000017e8       0x38 /usr/local/avr/lib/gcc/avr/4.7.2/avr51/libgcc.a(_pack_sf.o)
 .debug_frame   0x0000000000001820       0x34 /usr/local/avr/lib/gcc/avr/4.7.2/avr51/libgcc.a(_unpack_sf.o)
 .debug_frame   0x0000000000001854       0x2c /usr/local/avr/lib/gcc/avr/4.7.2/avr51/libgcc.a(_fpcmp_parts_sf.o)
 .debug_frame   0x0000000000001880       0x68 /usr/local/avr/lib/gcc/avr/4.7.2/../../../../avr/lib/avr51/libc.a(malloc.o)
 .debug_frame   0x00000000000018e8       0x60 /usr/local/avr/lib/gcc/avr/4.7.2/../../../../avr/lib/avr51/libc.a(realloc.o)

.debug_str      0x0000000000000000     0x2c9d
 *(.debug_str)
 .debug_str     0x0000000000000000      0x231 /var/folders/qg/hpnbdp2j6nvf3tgc7d8dbzyw0000gn/T/build4971052180027206230.tmp/CheckTemp.cpp.o
                                        0x28b (size before relaxing)
 .debug_str     0x0000000000000231      0x187 /var/folders/qg/hpnbdp2j6nvf3tgc7d8dbzyw0000gn/T/build4971052180027206230.tmp/Pinoccio/Pinoccio.cpp.o
                                        0x376 (size before relaxing)
 .debug_str     0x00000000000003b8       0x91 /var/folders/qg/hpnbdp2j6nvf3tgc7d8dbzyw0000gn/T/build4971052180027206230.tmp/Pinoccio/utility/hal.c.o
                                        0x100 (size before relaxing)
 .debug_str     0x0000000000000449       0x8b /var/folders/qg/hpnbdp2j6nvf3tgc7d8dbzyw0000gn/T/build4971052180027206230.tmp/Pinoccio/utility/halTimer.c.o
                                        0x12c (size before relaxing)
 .debug_str     0x00000000000004d4       0xc8 /var/folders/qg/hpnbdp2j6nvf3tgc7d8dbzyw0000gn/T/build4971052180027206230.tmp/Pinoccio/utility/halSleep.c.o
                                        0x152 (size before relaxing)
 .debug_str     0x000000000000059c       0x50 /var/folders/qg/hpnbdp2j6nvf3tgc7d8dbzyw0000gn/T/build4971052180027206230.tmp/Pinoccio/utility/halUart.c.o
                                         0xc3 (size before relaxing)
 .debug_str     0x00000000000005ec       0xe9 /var/folders/qg/hpnbdp2j6nvf3tgc7d8dbzyw0000gn/T/build4971052180027206230.tmp/Pinoccio/utility/halTemperature.c.o
                                        0x1bf (size before relaxing)
 .debug_str     0x00000000000006d5      0x201 /var/folders/qg/hpnbdp2j6nvf3tgc7d8dbzyw0000gn/T/build4971052180027206230.tmp/Pinoccio/utility/nwk.c.o
                                        0x297 (size before relaxing)
 .debug_str     0x00000000000008d6      0x34e /var/folders/qg/hpnbdp2j6nvf3tgc7d8dbzyw0000gn/T/build4971052180027206230.tmp/Pinoccio/utility/nwkDataReq.c.o
                                        0x49f (size before relaxing)
 .debug_str     0x0000000000000c24       0x54 /var/folders/qg/hpnbdp2j6nvf3tgc7d8dbzyw0000gn/T/build4971052180027206230.tmp/Pinoccio/utility/nwkSecurity.c.o
                                         0xd6 (size before relaxing)
 .debug_str     0x0000000000000c78       0x99 /var/folders/qg/hpnbdp2j6nvf3tgc7d8dbzyw0000gn/T/build4971052180027206230.tmp/Pinoccio/utility/nwkFrame.c.o
                                        0x357 (size before relaxing)
 .debug_str     0x0000000000000d11       0x51 /var/folders/qg/hpnbdp2j6nvf3tgc7d8dbzyw0000gn/T/build4971052180027206230.tmp/Pinoccio/utility/nwkRoute.c.o
                                         0xd3 (size before relaxing)
 .debug_str     0x0000000000000d62      0x38a /var/folders/qg/hpnbdp2j6nvf3tgc7d8dbzyw0000gn/T/build4971052180027206230.tmp/Pinoccio/utility/nwkRx.c.o
                                        0x640 (size before relaxing)
 .debug_str     0x00000000000010ec      0x200 /var/folders/qg/hpnbdp2j6nvf3tgc7d8dbzyw0000gn/T/build4971052180027206230.tmp/Pinoccio/utility/nwkTx.c.o
                                        0x5fa (size before relaxing)
 .debug_str     0x00000000000012ec       0x88 /var/folders/qg/hpnbdp2j6nvf3tgc7d8dbzyw0000gn/T/build4971052180027206230.tmp/Pinoccio/utility/sys.c.o
                                        0x136 (size before relaxing)
 .debug_str     0x0000000000001374       0x8a /var/folders/qg/hpnbdp2j6nvf3tgc7d8dbzyw0000gn/T/build4971052180027206230.tmp/Pinoccio/utility/sysTimer.c.o
                                        0x1da (size before relaxing)
 .debug_str     0x00000000000013fe       0x53 /var/folders/qg/hpnbdp2j6nvf3tgc7d8dbzyw0000gn/T/build4971052180027206230.tmp/Pinoccio/utility/sysEncrypt.c.o
                                         0xc6 (size before relaxing)
 .debug_str     0x0000000000001451      0x4b4 /var/folders/qg/hpnbdp2j6nvf3tgc7d8dbzyw0000gn/T/build4971052180027206230.tmp/core.a(HardwareSerial.cpp.o)
                                        0x6aa (size before relaxing)
 .debug_str     0x0000000000001905       0x5e /var/folders/qg/hpnbdp2j6nvf3tgc7d8dbzyw0000gn/T/build4971052180027206230.tmp/core.a(main.cpp.o)
                                        0x173 (size before relaxing)
 .debug_str     0x0000000000001963       0xde /var/folders/qg/hpnbdp2j6nvf3tgc7d8dbzyw0000gn/T/build4971052180027206230.tmp/core.a(new.cpp.o)
                                        0x121 (size before relaxing)
 .debug_str     0x0000000000001a41      0xaca /var/folders/qg/hpnbdp2j6nvf3tgc7d8dbzyw0000gn/T/build4971052180027206230.tmp/core.a(Print.cpp.o)
                                        0xc73 (size before relaxing)
 .debug_str     0x000000000000250b      0x2e3 /var/folders/qg/hpnbdp2j6nvf3tgc7d8dbzyw0000gn/T/build4971052180027206230.tmp/core.a(WString.cpp.o)
                                        0xaee (size before relaxing)
 .debug_str     0x00000000000027ee       0xbd /var/folders/qg/hpnbdp2j6nvf3tgc7d8dbzyw0000gn/T/build4971052180027206230.tmp/core.a(wiring.c.o)
                                        0x19f (size before relaxing)
 .debug_str     0x00000000000028ab       0xb7 /usr/local/avr/lib/gcc/avr/4.7.2/avr51/libgcc.a(_fixunssfsi.o)
                                        0x13c (size before relaxing)
 .debug_str     0x0000000000002962      0x167 /usr/local/avr/lib/gcc/avr/4.7.2/avr51/libgcc.a(_addsub_sf.o)
                                        0x277 (size before relaxing)
 .debug_str     0x0000000000002ac9       0x27 /usr/local/avr/lib/gcc/avr/4.7.2/avr51/libgcc.a(_mul_sf.o)
                                        0x230 (size before relaxing)
 .debug_str     0x0000000000002af0       0x35 /usr/local/avr/lib/gcc/avr/4.7.2/avr51/libgcc.a(_div_sf.o)
                                        0x239 (size before relaxing)
 .debug_str     0x0000000000002b25       0x1f /usr/local/avr/lib/gcc/avr/4.7.2/avr51/libgcc.a(_ge_sf.o)
                                        0x205 (size before relaxing)
 .debug_str     0x0000000000002b44        0x8 /usr/local/avr/lib/gcc/avr/4.7.2/avr51/libgcc.a(_lt_sf.o)
                                        0x205 (size before relaxing)
 .debug_str     0x0000000000002b4c       0x27 /usr/local/avr/lib/gcc/avr/4.7.2/avr51/libgcc.a(_si_to_sf.o)
                                        0x1e2 (size before relaxing)
 .debug_str     0x0000000000002b73        0xa /usr/local/avr/lib/gcc/avr/4.7.2/avr51/libgcc.a(_sf_to_si.o)
                                        0x1fe (size before relaxing)
 .debug_str     0x0000000000000000      0x195 /usr/local/avr/lib/gcc/avr/4.7.2/avr51/libgcc.a(_thenan_sf.o)
 .debug_str     0x0000000000002b7d        0xe /usr/local/avr/lib/gcc/avr/4.7.2/avr51/libgcc.a(_usi_to_sf.o)
                                        0x1de (size before relaxing)
 .debug_str     0x0000000000002b8b        0x7 /usr/local/avr/lib/gcc/avr/4.7.2/avr51/libgcc.a(_pack_sf.o)
                                        0x1f2 (size before relaxing)
 .debug_str     0x0000000000000000      0x1d4 /usr/local/avr/lib/gcc/avr/4.7.2/avr51/libgcc.a(_unpack_sf.o)
 .debug_str     0x0000000000000000      0x1b8 /usr/local/avr/lib/gcc/avr/4.7.2/avr51/libgcc.a(_fpcmp_parts_sf.o)
 .debug_str     0x0000000000002b92       0xda /usr/local/avr/lib/gcc/avr/4.7.2/../../../../avr/lib/avr51/libc.a(malloc.o)
                                        0x16e (size before relaxing)
 .debug_str     0x0000000000002c6c       0x31 /usr/local/avr/lib/gcc/avr/4.7.2/../../../../avr/lib/avr51/libc.a(realloc.o)
                                        0x14e (size before relaxing)

.debug_loc      0x0000000000000000     0x849a
 *(.debug_loc)
 .debug_loc     0x0000000000000000       0x98 /var/folders/qg/hpnbdp2j6nvf3tgc7d8dbzyw0000gn/T/build4971052180027206230.tmp/Pinoccio/Pinoccio.cpp.o
 .debug_loc     0x0000000000000098       0x21 /var/folders/qg/hpnbdp2j6nvf3tgc7d8dbzyw0000gn/T/build4971052180027206230.tmp/Pinoccio/utility/hal.c.o
 .debug_loc     0x00000000000000b9       0x9e /var/folders/qg/hpnbdp2j6nvf3tgc7d8dbzyw0000gn/T/build4971052180027206230.tmp/Pinoccio/utility/halTimer.c.o
 .debug_loc     0x0000000000000157      0x15e /var/folders/qg/hpnbdp2j6nvf3tgc7d8dbzyw0000gn/T/build4971052180027206230.tmp/Pinoccio/utility/halSleep.c.o
 .debug_loc     0x00000000000002b5       0xff /var/folders/qg/hpnbdp2j6nvf3tgc7d8dbzyw0000gn/T/build4971052180027206230.tmp/Pinoccio/utility/halTemperature.c.o
 .debug_loc     0x00000000000003b4       0x8d /var/folders/qg/hpnbdp2j6nvf3tgc7d8dbzyw0000gn/T/build4971052180027206230.tmp/Pinoccio/utility/nwk.c.o
 .debug_loc     0x0000000000000441      0x19a /var/folders/qg/hpnbdp2j6nvf3tgc7d8dbzyw0000gn/T/build4971052180027206230.tmp/Pinoccio/utility/nwkDataReq.c.o
 .debug_loc     0x00000000000005db       0xa2 /var/folders/qg/hpnbdp2j6nvf3tgc7d8dbzyw0000gn/T/build4971052180027206230.tmp/Pinoccio/utility/nwkFrame.c.o
 .debug_loc     0x000000000000067d      0x3a6 /var/folders/qg/hpnbdp2j6nvf3tgc7d8dbzyw0000gn/T/build4971052180027206230.tmp/Pinoccio/utility/nwkRx.c.o
 .debug_loc     0x0000000000000a23      0x48a /var/folders/qg/hpnbdp2j6nvf3tgc7d8dbzyw0000gn/T/build4971052180027206230.tmp/Pinoccio/utility/nwkTx.c.o
 .debug_loc     0x0000000000000ead      0x3f0 /var/folders/qg/hpnbdp2j6nvf3tgc7d8dbzyw0000gn/T/build4971052180027206230.tmp/Pinoccio/utility/sysTimer.c.o
 .debug_loc     0x000000000000129d      0x74e /var/folders/qg/hpnbdp2j6nvf3tgc7d8dbzyw0000gn/T/build4971052180027206230.tmp/core.a(HardwareSerial.cpp.o)
 .debug_loc     0x00000000000019eb       0x74 /var/folders/qg/hpnbdp2j6nvf3tgc7d8dbzyw0000gn/T/build4971052180027206230.tmp/core.a(new.cpp.o)
 .debug_loc     0x0000000000001a5f     0x1dfd /var/folders/qg/hpnbdp2j6nvf3tgc7d8dbzyw0000gn/T/build4971052180027206230.tmp/core.a(Print.cpp.o)
 .debug_loc     0x000000000000385c     0x2f54 /var/folders/qg/hpnbdp2j6nvf3tgc7d8dbzyw0000gn/T/build4971052180027206230.tmp/core.a(WString.cpp.o)
 .debug_loc     0x00000000000067b0      0x307 /var/folders/qg/hpnbdp2j6nvf3tgc7d8dbzyw0000gn/T/build4971052180027206230.tmp/core.a(wiring.c.o)
 .debug_loc     0x0000000000006ab7       0xa7 /usr/local/avr/lib/gcc/avr/4.7.2/avr51/libgcc.a(_fixunssfsi.o)
 .debug_loc     0x0000000000006b5e      0x42d /usr/local/avr/lib/gcc/avr/4.7.2/avr51/libgcc.a(_addsub_sf.o)
 .debug_loc     0x0000000000006f8b      0x21c /usr/local/avr/lib/gcc/avr/4.7.2/avr51/libgcc.a(_mul_sf.o)
 .debug_loc     0x00000000000071a7      0x177 /usr/local/avr/lib/gcc/avr/4.7.2/avr51/libgcc.a(_div_sf.o)
 .debug_loc     0x000000000000731e       0xa1 /usr/local/avr/lib/gcc/avr/4.7.2/avr51/libgcc.a(_ge_sf.o)
 .debug_loc     0x00000000000073bf       0xa1 /usr/local/avr/lib/gcc/avr/4.7.2/avr51/libgcc.a(_lt_sf.o)
 .debug_loc     0x0000000000007460      0x107 /usr/local/avr/lib/gcc/avr/4.7.2/avr51/libgcc.a(_si_to_sf.o)
 .debug_loc     0x0000000000007567       0x9f /usr/local/avr/lib/gcc/avr/4.7.2/avr51/libgcc.a(_sf_to_si.o)
 .debug_loc     0x0000000000007606      0x133 /usr/local/avr/lib/gcc/avr/4.7.2/avr51/libgcc.a(_usi_to_sf.o)
 .debug_loc     0x0000000000007739      0x148 /usr/local/avr/lib/gcc/avr/4.7.2/avr51/libgcc.a(_pack_sf.o)
 .debug_loc     0x0000000000007881       0xf9 /usr/local/avr/lib/gcc/avr/4.7.2/avr51/libgcc.a(_unpack_sf.o)
 .debug_loc     0x000000000000797a       0x4a /usr/local/avr/lib/gcc/avr/4.7.2/avr51/libgcc.a(_fpcmp_parts_sf.o)
 .debug_loc     0x00000000000079c4      0x4f8 /usr/local/avr/lib/gcc/avr/4.7.2/../../../../avr/lib/avr51/libc.a(malloc.o)
 .debug_loc     0x0000000000007ebc      0x5de /usr/local/avr/lib/gcc/avr/4.7.2/../../../../avr/lib/avr51/libc.a(realloc.o)

.debug_macinfo
 *(.debug_macinfo)

.debug_pubtypes
 *(.debug_pubtypes)

.debug_ranges   0x0000000000000000      0x868
 *(.debug_ranges)
 .debug_ranges  0x0000000000000000       0x18 /var/folders/qg/hpnbdp2j6nvf3tgc7d8dbzyw0000gn/T/build4971052180027206230.tmp/CheckTemp.cpp.o
 .debug_ranges  0x0000000000000018       0x38 /var/folders/qg/hpnbdp2j6nvf3tgc7d8dbzyw0000gn/T/build4971052180027206230.tmp/Pinoccio/Pinoccio.cpp.o
 .debug_ranges  0x0000000000000050       0x18 /var/folders/qg/hpnbdp2j6nvf3tgc7d8dbzyw0000gn/T/build4971052180027206230.tmp/Pinoccio/utility/hal.c.o
 .debug_ranges  0x0000000000000068       0x28 /var/folders/qg/hpnbdp2j6nvf3tgc7d8dbzyw0000gn/T/build4971052180027206230.tmp/Pinoccio/utility/halTimer.c.o
 .debug_ranges  0x0000000000000090       0x20 /var/folders/qg/hpnbdp2j6nvf3tgc7d8dbzyw0000gn/T/build4971052180027206230.tmp/Pinoccio/utility/halSleep.c.o
 .debug_ranges  0x00000000000000b0       0x28 /var/folders/qg/hpnbdp2j6nvf3tgc7d8dbzyw0000gn/T/build4971052180027206230.tmp/Pinoccio/utility/halTemperature.c.o
 .debug_ranges  0x00000000000000d8       0x48 /var/folders/qg/hpnbdp2j6nvf3tgc7d8dbzyw0000gn/T/build4971052180027206230.tmp/Pinoccio/utility/nwk.c.o
 .debug_ranges  0x0000000000000120       0x80 /var/folders/qg/hpnbdp2j6nvf3tgc7d8dbzyw0000gn/T/build4971052180027206230.tmp/Pinoccio/utility/nwkDataReq.c.o
 .debug_ranges  0x00000000000001a0       0x30 /var/folders/qg/hpnbdp2j6nvf3tgc7d8dbzyw0000gn/T/build4971052180027206230.tmp/Pinoccio/utility/nwkFrame.c.o
 .debug_ranges  0x00000000000001d0       0xc0 /var/folders/qg/hpnbdp2j6nvf3tgc7d8dbzyw0000gn/T/build4971052180027206230.tmp/Pinoccio/utility/nwkRx.c.o
 .debug_ranges  0x0000000000000290       0xa0 /var/folders/qg/hpnbdp2j6nvf3tgc7d8dbzyw0000gn/T/build4971052180027206230.tmp/Pinoccio/utility/nwkTx.c.o
 .debug_ranges  0x0000000000000330       0x18 /var/folders/qg/hpnbdp2j6nvf3tgc7d8dbzyw0000gn/T/build4971052180027206230.tmp/Pinoccio/utility/sys.c.o
 .debug_ranges  0x0000000000000348       0x38 /var/folders/qg/hpnbdp2j6nvf3tgc7d8dbzyw0000gn/T/build4971052180027206230.tmp/Pinoccio/utility/sysTimer.c.o
 .debug_ranges  0x0000000000000380       0x78 /var/folders/qg/hpnbdp2j6nvf3tgc7d8dbzyw0000gn/T/build4971052180027206230.tmp/core.a(HardwareSerial.cpp.o)
 .debug_ranges  0x00000000000003f8       0x10 /var/folders/qg/hpnbdp2j6nvf3tgc7d8dbzyw0000gn/T/build4971052180027206230.tmp/core.a(main.cpp.o)
 .debug_ranges  0x0000000000000408       0x38 /var/folders/qg/hpnbdp2j6nvf3tgc7d8dbzyw0000gn/T/build4971052180027206230.tmp/core.a(new.cpp.o)
 .debug_ranges  0x0000000000000440       0xe0 /var/folders/qg/hpnbdp2j6nvf3tgc7d8dbzyw0000gn/T/build4971052180027206230.tmp/core.a(Print.cpp.o)
 .debug_ranges  0x0000000000000520      0x280 /var/folders/qg/hpnbdp2j6nvf3tgc7d8dbzyw0000gn/T/build4971052180027206230.tmp/core.a(WString.cpp.o)
 .debug_ranges  0x00000000000007a0       0x38 /var/folders/qg/hpnbdp2j6nvf3tgc7d8dbzyw0000gn/T/build4971052180027206230.tmp/core.a(wiring.c.o)
 .debug_ranges  0x00000000000007d8       0x18 /usr/local/avr/lib/gcc/avr/4.7.2/avr51/libgcc.a(_mul_sf.o)
 .debug_ranges  0x00000000000007f0       0x38 /usr/local/avr/lib/gcc/avr/4.7.2/avr51/libgcc.a(_div_sf.o)
 .debug_ranges  0x0000000000000828       0x18 /usr/local/avr/lib/gcc/avr/4.7.2/avr51/libgcc.a(_si_to_sf.o)
 .debug_ranges  0x0000000000000840       0x18 /usr/local/avr/lib/gcc/avr/4.7.2/../../../../avr/lib/avr51/libc.a(malloc.o)
 .debug_ranges  0x0000000000000858       0x10 /usr/local/avr/lib/gcc/avr/4.7.2/../../../../avr/lib/avr51/libc.a(realloc.o)

.debug_macro
 *(.debug_macro)
OUTPUT(/var/folders/qg/hpnbdp2j6nvf3tgc7d8dbzyw0000gn/T/build4971052180027206230.tmp/CheckTemp.cpp.elf elf32-avr)
LOAD linker stubs
